BaseOfROM 40800000 label
StartPC 40800004 label
ROMVersion 40800008 label
STBoot 4080000A function
BadDisk 4080000E function
PatchFlags 40800014 label
RomRsrc 4080001A label
Eject 4080001E function
DispOff 40800022 label
Critical 40800026 function
ResetEntry 4080002A function
RomLoc 4080002E label
StartBoot 40800074 function
not040 408000AE label
not030 408000C8 label
StartInit1 408000E4 function
hasMMU 40800138 label
done 40800148 label
BootRetry 4080020A function
EInitDone 4080027A label
noAsyncSCSI 4080042E label
WhichCPU 40800432 function
doRTE 4080047C label
WhichBoard 40800480 function
SetUpTimeK 4080048C function
TimerInt 40800558 function
TimingTable 40800564 label
DbraTime 40800576 function
SCCTime 40800584 function
SCSITime 4080059A function
VIATime 408005C6 function
JmpTblInit 408005DC function
JmpTbl2 408005DE function
FillWithOnes 408005EC function
CompBootStack 408005F6 function
ConfigureRAM 4080061E function
SetUpSysAppZone 4080066E function
SysHeap 408006D4 label
SysHoleHeap 408006E2 label
CheckForResetPRAM 408006F0 function
Keys 408007E6 label
GetPRAM 408007FE function
SetPRAM32 4080083C function
InitNonMMU 40800862 function
InitHiMemGlobals 4080086E function
InitGlobalVars 4080089E function
CheckForEgretOrCuda 408012FA function
DynamicBoxFlag 40801374 function
FindStartupDevice 40801EF0 function
BootMe 408029E0 function
foundBootDisk 408029EC label
DisableNextTime 40802A5C label
OptimizePACKs 40802A6A function
optLoop 40802A6E label
branchOptDone 40802A92 label
PackOptTable 40802A98 label
done 40802AA6 label
getDiskInPlace 40802AA8 function
search 40802AAC label
CheckForROMDisk 40802AC4 function
FindROMDisk 40802B0A function
HeaderTemplate 40802B64 label
InitSys7Toolbox 40802B74 function
OpenSlots 40802C68 function
OpenBDrvrs 40802D00 function
AdjustBarrier 40802D60 function
CritErr 40802DC0 function
TinyTable 40802F3A label
FailData 40802F4A function
numFont 40802F8C label
DeadMac 40802FBC function
PutIcon 40802FDE function
SadMacIcon 4080301C label
SystemError 408031D0 function
InitRomVectors 408062B0 function
SwitchMMU 4080A1CA function
ValidatePRAM 4080DA9C function
CudaInit 4080EDB2 function
TRAP_26A 4080F202 function
DockingDispatch 4080F310 function
SetupDockBases 4080F48E function
InitEgretOrCuda 4080FEB0 function
EnableExtCache 40810CF6 function
JumpIntoROM 40814040 function
CudaDone 40814116 label
InitVIAs 4081416C function
GetHardwareInfo 40814250 function
EnqueueTrap 40815190 function
DequeueTrap 408151C0 function
DictionaryDispatch 40815D90 function
PortableCheck 40817D54 function
EMT1010 408185E0 function
InitDispatcher 40818722 function
BadTrap 408187DA function
DisableIntSources 40819220 function
StartSDeclMgr 40821040 function
SCSIDiskMode 40823190 function
InitSCSIBoot 408246D0 function
DoEject 4082CF3E function
HighLevelFSDispatch 4082FD00 function
Pack9 408396C0 function
KeyTrans 4083AD78 function
InitPack 4083B360 function
InitAllPacks 4083B382 function
Pack0 4083B402 function
Pack1 4083B404 function
Pack2 4083B406 function
Pack3 4083B408 function
Pack6 4083B40E function
Pack7 4083B410 function
Pack10 4083B416 function
Pack12 4083B41A function
LoadSeg 4083B430 function
UnLoadSeg 4083B4E0 function
Chain 4083B57C function
Launch 4083B582 function
ExitToShell 4083B6CC function
GetAppParms 4083B738 function
ShutDown 4083B7FE function
Pack8 4083BFA0 function
Munger 4083BFC0 function
XMunger 4083BFEE function
HandToHandTrap 4083C126 function
PtrToXHandTrap 4083C14E function
PtrToHandTrap 4083C156 function
HandAndHandTrap 4083C170 function
PtrAndHandTrap 4083C194 function
MethodDispatch 4083C1A4 function
LongMul 4083C200 function
FracMul 4083C21E function
FixMul 4083C224 function
FracDiv 4083C312 function
FixDiv 4083C318 function
FracSqrt 4083C368 function
FixRatio 4083C3A2 function
LoWord 4083C3F4 function
HiWord 4083C3FC function
FixRound 4083C406 function
FracCos 4083C420 function
FracSin 4083C428 function
FixAtan2 4083C4CE function
Fix2X 4083C58C function
Frac2X 4083C592 function
X2Fix 4083C5BE function
X2Frac 4083C5C4 function
Fix2Long 4083C620 function
Frac2Fix 4083C624 function
Long2Fix 4083C640 function
Fix2Frac 4083C644 function
SystemEvent 4083C660 function
SystemClick 4083C73C function
SystemTask 4083C818 function
SystemMenu 4083C8A8 function
SystemEdit 4083C946 function
OpenDeskAcc 4083C974 function
CloseDeskAcc 4083C9C2 function
GetPattern 4083CA30 function
GetCursor 4083CA50 function
GetString 4083CA5E function
GetIcon 4083CA66 function
GetPicture 4083CA6E function
GetNewCWindow 4083CA76 function
GetNewWindow 4083CA82 function
GetNewControl 4083CBF0 function
GetMenu 4083CC72 function
GetNewMBar 4083CD2C function
TEInit 4083CE76 function
TEGetText 4083CF12 function
TEDispose 4083CF1E function
TextBox 4083CF90 function
TESetText 4083D114 function
TECalText 4083D2EE function
TESetSelect 4083D352 function
TENew 4083D3B0 function
TEStylNew 4083D49C function
TEUpdate 4083D5B6 function
TEClick 4083D646 function
TEDispatch 4083F2C2 function
TECopy 4083F2DA function
TECut 4083F3B2 function
TEDelete 4083F3C2 function
TEActivate 4083FEE6 function
TEDeactivate 4083FF20 function
TEIdle 40840052 function
TEPaste 4084007C function
TEInsert 40840402 function
TEKey 40840430 function
TESetJust 40840D66 function
TEScroll 40840D8E function
TEPinScroll 40840DE4 function
TESelView 40840E6C function
TEAutoView 40840EF6 function
TEGetOffset 408415FA function
InfoScrap 40841BF0 function
UnLoadScrap 40841C6C function
LoadScrap 40841CA2 function
ZeroScrap 40841CD6 function
GetScrap 40841D22 function
PutScrap 40841D92 function
PrGlue 40841E00 function
Secs2Date 40842140 function
Date2Secs 408421B8 function
InitMemVect 408482CC function
Alias 4084E85C function
MainComponent 408513D0 function
Pack13 40854200 function
Pack11 40854230 function
Pack14Entry 4085AB80 function
__SYSBEEP 4085B0D4 function
__SNDNEWCHANNEL 4085B30E function
__SNDDISPOSECHANNEL 4085B468 function
__SNDADDMODIFIER 4085B4CA function
__SNDPLAY 4085B5EC function
__SNDDOCOMMAND 4085B660 function
__SNDDOIMMEDIATE 4085B6B8 function
__SNDCONTROL 4085B76C function
Pack15 40865E80 function
GetKeys 40865EA0 function
Button 40865EBC function
TickCount 40865ECE function
GetMouse 40865F10 function
StillDown 40865F26 function
WaitMouseUp 40865F4E function
EventAvail 40865F6C function
WaitNextEvent 408661E0 function
DoSysErrorUpdates 40866260 function
NewControl 408662F0 function
GetCVariant 40866442 function
DisposeControl 408664B6 function
KillControls 4086655C function
DrawOneControl 4086656E function
ShowControl 4086657E function
HideControl 4086659C function
MoveControl 408665B0 function
GetCRefCon 408665EE function
SetCRefCon 408665FC function
GetCtlAction 4086660C function
SetCtlAction 40866610 function
SizeControl 40866614 function
HiliteControl 4086663C function
GetCTitle 40866668 function
SetCTitle 40866680 function
GetCtlValue 408666C8 function
GetCtlMin 408666D6 function
GetCtlMax 408666DA function
SetCtlValue 408666DE function
SetCtlMin 40866720 function
SetCtlMax 40866724 function
TestControl 40866728 function
DragControl 40866756 function
TrackControl 40866830 function
UpdtControls 40866992 function
DrawControls 408669A2 function
FindControl 40866A2A function
__UserDelay 40866AE0 function
NewString 40871DD0 function
SetString 40871E00 function
SaveOld 40872060 function
ShowHide 40872110 function
GetWMgrPort 408721E0 function
GetCWMgrPort 408721F0 function
NewCWindow 40872540 function
NewWindow 40872550 function
DisposeWindow 408726C0 function
HideWindow 40872700 function
GetWRefCon 40872730 function
SetWRefCon 40872750 function
SetWindowPic 40872770 function
GetWindowPic 40872780 function
GetWTitle 40872790 function
SetWTitle 408727B0 function
DeltaPoint 40872850 function
GetWVariant 40872A60 function
HiliteWindow 40872B80 function
SizeWindow 40872BE0 function
TrackGoAway 40872CD0 function
TrackBox 40872CD8 function
BeginUpdate 40872F60 function
EndUpdate 40872FB0 function
DragGrayRgn 408730C8 function
DragTheRgn 408730D4 function
InvalRgn 40873350 function
ValidRgn 408733E0 function
GrowWindow 408733F0 function
DrawGrowIcon 40873600 function
SetDeskCPat 40873620 function
InitWindows 40873890 function
__SelectWindow 40873970 function
__BringToFront 40873980 function
__SendBehind 40873990 function
__ShowWindow 408739A0 function
__DragWindow 408739C0 function
__MoveWindow 408739D0 function
__ZoomWindow 408739E0 function
__GetAuxWin 40873A10 function
__SetWinColor 40873A20 function
__SetCtlColor 40873A30 function
__GetAuxCtl 40873A40 function
__DrawNew 40873A70 function
LayerDispatch 40873A80 function
FasterValidRect 40873AE0 function
FasterInvalRect 40873AE4 function
__CheckUpdate 40874FE0 function
__ClipAbove 40875040 function
__PaintOne 40875220 function
__PaintBehind 40875290 function
__CalcVis 408754E0 function
__CalcVisBehind 40875510 function
__FindWindow 40875550 function
__FrontWindow 40875610 function
__CloseWindow 40875660 function
InitProcMenu 408758E0 function
InitMenus 408758F0 function
ClearMenuBar 408759C0 function
DeleteMenu 40875A80 function
InsertMenu 40875B70 function
DrawMenuBar 40875D90 function
FlashMenuBar 40875E90 function
HiliteMenu 40875EF0 function
EnableItem 40875F60 function
DisableItem 40875F90 function
MenuSelect 40875FF0 function
PopUpMenuSelect 40876200 function
CalcMenuSize 40876380 function
MenuChoice 40876860 function
GetMenuBar 40876870 function
GetMCInfo 408768D0 function
SetMenuBar 408768E0 function
SetMCInfo 40876910 function
DisposeMenu 40876930 function
DispMCInfo 40876950 function
CheckItem 40876960 function
GetItemMark 40876980 function
GetItemIcon 40876990 function
GetItemCmd 408769A0 function
__GetItemStyle 408769B0 function
SetItemMark 408769C0 function
SetItemIcon 408769D0 function
SetItemCmd 408769E0 function
SetItemStyle 408769F0 function
GetMCEntry 40876AA0 function
DelMCEntries 40876AD0 function
SetMCEntries 40876B50 function
MenuKey 40876CFC function
GetItem 40876E80 function
NewMenu 40876EB0 function
AppendMenu 40876F10 function
InsMenuItem 40876F18 function
GetMHandle 40877100 function
DelMenuItem 40877130 function
SetItem 40877180 function
SetMenuFlash 408771D0 function
AddResMenu 408771E0 function
CountMItems 408771F0 function
PlotIcon 40877210 function
MenuMgrDispatch 40877250 function
InsrtResMenu 40877690 function
SaveRestoreBitsDispatch 408776B0 function
InvalMenuBar 40877D90 function
InitDialogs 4087DEAA function
StopAlert 4087DEF6 function
NoteAlert 4087DEFA function
CautionAlert 4087DEFE function
Alert 4087DF02 function
GetNewDialog 4087E072 function
NewCDialog 4087E10A function
NewDialog 4087E10E function
IsDialogEvent 4087E1E0 function
DialogSelect 4087E264 function
ModalDialog 4087E2F4 function
DrawDialog 4087E3D0 function
UpdtDialog 4087E3EA function
CloseDialog 4087E414 function
DisposDialog 4087E49A function
CouldDialog 4087E50E function
CouldAlert 4087E512 function
FreeDialog 4087E5F4 function
FreeAlert 4087E5F8 function
ParamText 4087E5FE function
ErrorSound 4087E622 function
GetDItem 4087E62A function
SetDItem 4087E670 function
GetIText 4087E6A8 function
SetIText 4087E6C8 function
SelIText 4087E734 function
HideDItem 4087E790 function
ShowDItem 4087E7EE function
FindDItem 4087E862 function
ModalDialogMenuSetup 4087F3F0 function
DialogMgrDispatch 4087FD40 function
InitResources 408802F0 function
RsrcZoneInit 408807B8 function
HCreateResFile 40880886 function
CreateResFile 408808DC function
HOpenResFile 4088092A function
OpenResFile 4088094E function
OpenRFPerm 408809A6 function
UseResFile 408809F0 function
GetResFileAttrs 40880A1A function
SetResFileAttrs 40880A26 function
UpdateResFile 40880ADC function
CloseResFile 40880E22 function
Count1Resources 40880ED8 function
CountResources 40880EDC function
Get1IndResource 40880F04 function
GetIndResource 40880F08 function
Count1Types 40880F92 function
CountTypes 40880F96 function
Get1IndType 40880FDC function
GetIndType 40880FE0 function
Unique1ID 40881002 function
UniqueID 40881006 function
Get1Resource 40881046 function
GetResource 4088104E function
Get1NamedResource 40881110 function
GetNamedResource 40881114 function
LoadResource 40881B4A function
ReleaseResource 40881BA2 function
DetachResource 40881BD2 function
ChangedResource 40881BF2 function
WriteResource 40881C36 function
HomeResFile 40881C74 function
SetResPurge 40881CA6 function
SetResLoad 40881CCA function
CurResFile 40881CD4 function
ResError 40881CDC function
GetResAttrs 40881CFE function
SetResAttrs 40881D12 function
GetResInfo 40881D48 function
SetResInfo 40881D8E function
AddResource 40881DDC function
RmveResource 40881ED4 function
SizeResource 408820D6 function
MaxSizeRsrc 408820F8 function
RsrcMapEntry 4088210C function
rGetResource 40882116 function
ResourceDispatch 408824F0 function
xScriptUtil 4088A4A0 function
NewGDevice 4088AAF0 function
DisposGDevice 4088ABD0 function
InitGDevice 4088AC30 function
GetGDevice 4088B320 function
SetGDevice 4088B330 function
GetDeviceList 4088B340 function
GetMainDevice 4088B350 function
GetNextDevice 4088B360 function
TestDeviceAttribute 4088B370 function
SetDeviceAttribute 4088B390 function
GetMaxDevice 4088B3B0 function
AllocCursor 4088B430 function
InitCursor 4088B450 function
SetCursor 4088B470 function
SetCCursor 4088B490 function
HideCursor 4088B4A0 function
ShowCursor 4088B4B0 function
ObscureCursor 4088B4C0 function
StdText 4088E450 function
TextFace 4088EA70 function
DrawChar 4088EA7C function
CharWidth 4088EA8A function
TextFont 4088EAB0 function
TextMode 4088EAB4 function
TextSize 4088EAB8 function
SpaceExtra 4088EAD0 function
DrawString 4088EADC function
DrawText 4088EAEE function
StringWidth 4088EB10 function
TextWidth 4088EB20 function
StdTxMeas 4088EB90 function
MeasureText 4088ED50 function
GetFontInfo 4088EEE0 function
CharExtra 4088EF90 function
StdLine 4088EFE0 function
LineTo 4088F0D0 function
Line 4088F0F0 function
MoveTo 4088F110 function
Moov 4088F140 function
HidePen 4088F200 function
ShowPen 4088F204 function
GetPenState 4088F210 function
SetPenState 4088F24C function
GetPen 4088F290 function
PenSize 4088F2A0 function
PenMode 4088F2B0 function
PenPat 4088F2C0 function
PenNormal 4088F2E8 function
StdRect 40891B00 function
FillRect 40891E20 function
FillCRect 40891E24 function
FrameRect 40891E38 function
PaintRect 40891E3C function
EraseRect 40891E40 function
InvertRect 40891E44 function
SetRect 40892000 function
EqualRect 40892010 function
EmptyRect 40892030 function
OffSetRect 40892050 function
InSetRect 40892070 function
SectRect 40892090 function
UnionRect 40892130 function
Pt2Rect 4089216E function
PtInRect 408921B0 function
ShieldCursor 40894200 function
PinRect 40894272 function
ScrnBitMap 40894380 function
BitNot 40894470 function
BitAnd 40894480 function
BitXOr 40894488 function
BitOr 40894492 function
BitShift 4089449A function
BitTst 408944B0 function
BitSet 408944BE function
BitClr 408944C8 function
Random 408944E0 function
ForeColor 40894540 function
BackColor 4089458C function
ColorBit 4089459C function
GetMaskTab 408945C0 function
GetCPixel 40894CA0 function
GetPixel 40894CAC function
StuffHex 40894DF0 function
OpenCPort 40896010 function
InitCPort 4089604E function
ClosePort 40896120 function
CloseCPort 40896120 function
SetCPortPix 408961A0 function
DisposCTable 408961E0 function
GetCTSeed 408961F0 function
NewPixMap 40896250 function
DisposPixMap 40896260 function
CopyPixMap 408962E0 function
SetCPixel 40896460 function
HiliteColor 408964C0 function
OpColor 408964D0 function
GetCCursor 40896500 function
GetPixPat 40896520 function
NewPixPat 40896640 function
DisposPixPat 408966B0 function
DisposCCursor 408966B0 function
PenPixPat 40896770 function
BackPixPat 4089677C function
CopyPixPat 408967F0 function
MakeRGBPat 40897170 function
GetCIcon 40897230 function
PlotCIcon 408972E0 function
DisposCIcon 40897440 function
InitGraf 40897590 function
OpenPort 40897730 function
InitPort 4089773E function
SetStdProcs 40897810 function
SetStdCProcs 40897850 function
LocalToGlobal 40897870 function
GlobalToLocal 40897878 function
AddPt 408978AA function
SubPt 408978B2 function
SetPort 408978D0 function
GetPort 408978DE function
GrafDevice 408978F0 function
SetPortBits 40897900 function
BackPat 4089791E function
PortSize 40897950 function
MovePortTo 40897970 function
SetOrigin 408979A0 function
ClipRect 408979E0 function
SetClip 40897A00 function
GetClip 40897A0C function
SetPt 40897A20 function
EqualPt 40897A30 function
StdComment 40897AD0 function
StdGetPic 40897B30 function
StdPutPic 40897B50 function
PicComment 40897C50 function
OpenCPicture 40897C70 function
OpenPicture 40897D20 function
ClosePicture 40897EE0 function
KillPicture 40897F50 function
DrawPicture 40897F60 function
ScalePt 40899C20 function
MapPt 40899C80 function
MapRect 40899D40 function
StdPoly 4089A060 function
FramePoly 4089A120 function
PaintPoly 4089A124 function
ErasePoly 4089A128 function
InvertPoly 4089A12C function
FillPoly 4089a130 function
FillCPoly 4089A134 function
OpenPoly 4089A170 function
ClosePoly 4089A1B0 function
KillPoly 4089A220 function
OffSetPoly 4089A230 function
MapPoly 4089A250 function
StdRRect 4089AAF0 function
FrameRoundRect 4089ABB0 function
PaintRoundRect 4089ABB4 function
EraseRoundRect 4089ABB8 function
InvertRoundRect 4089ABBC function
FillRoundRect 4089ABC0 function
FillCRoundRect 4089ABC4 function
StdBits 4089B430 function
CopyBits 4089BDB0 function
CopyMask 4089C022 function
KopyMask 4089C0B0 function
SeedFill 4089C160 function
CalcMask 4089C168 function
ScrollRect 4089C2C0 function
PackBits 4089C570 function
UnpackBits 4089C624 function
StdRgn 4089C790 function
FrameRgn 4089C830 function
PaintRgn 4089C834 function
EraseRgn 4089C838 function
InvertRgn 4089C83C function
FillRgn 4089C840 function
FillCRgn 4089C844 function
NewRgn 4089C980 function
DisposeRgn 4089C9A0 function
OpenRgn 4089C9B0 function
CloseRgn 4089C9E0 function
CopyRgn 4089CA50 function
SetEmptyRgn 4089CAA0 function
SetRectRgn 4089CAB0 function
RectRgn 4089CB10 function
OffSetRgn 4089CB20 function
InSetRgn 4089CB60 function
EmptyRgn 4089CC10 function
EqualRgn 4089CC30 function
SectRgn 4089CC70 function
UnionRgn 4089CC74 function
DiffRgn 4089CC78 function
XOrRgn 4089CC7C function
PtInRgn 4089CD80 function
RectInRgn 4089CDE0 function
MapRgn 4089CF80 function
BitMapRgn 4089D050 function
StdOval 408A34C0 function
FrameOval 408A3580 function
PaintOval 408A3584 function
EraseOval 408A3588 function
InvertOval 408A358C function
FillOval 408A3590 function
FillCOval 408A3594 function
StdArc 408A35D0 function
FrameArc 408A3680 function
PaintArc 408A3684 function
EraseArc 408A3688 function
InvertArc 408A368C function
FillArc 408A3690 function
FillCArc 408A3694 function
UpdatePixMap 408A3860 function
MakeITable 408A3870 function
Color2Index 408A3EC8 function
Index2Color 408A3F60 function
InvertColor 408A4010 function
RGBForeColor 408A4060 function
RGBBackColor 408A40F6 function
GetForeColor 408A4110 function
GetBackColor 408A4152 function
RealColor 408A4160 function
SetEntries 408A41E0 function
RestoreEntries 408A4320 function
SaveEntries 408A4440 function
ProtectEntry 408A44E0 function
ReserveEntry 408A4532 function
SetClientID 408A4560 function
AddSearch 408A4570 function
AddComp 408A45A4 function
DelSearch 408A45D0 function
DelComp 408A4600 function
GetSubTable 408A4630 function
QDError 408A46F0 function
GetCTable 408A4896 function
AngleFromSlope 408A4940 function
SlopeFromAngle 408A497E function
PtToAngle 408A4AB0 function
SeedCFill 408A5090 function
CalcCMask 408A50AA function
InitPalettes 408A5E58 function
TSMDispatch 408AC860 function
SplineCall 408B6D20 function
InitFonts 408C42E0 function
FMSwapFont 408C4490 function
GetFontName 408C5A9C function
RealFont 408C5B10 function
GetFNum 408C5BFA function
SetFontLock 408C5C3E function
SetFScaleDisable 408C5C9E function
SetFractEnable 408c5cac function
FontMetrics 408C5CB4 function
ElsieTMVectors 408C6F40 label
TMVectors 408C7040 label
StartTest1 408C72C6 function
cont 408C72E0 label
checkMDUorOSS 408C7318 label
DefaultJumper 408C7330 label
JumperLookup 408C733C label
CheckJumper 408C7348 label
SCSICheck 408C735E label
CheckSCSISig 408C7364 label
HasJumper 408C73E8 label
CheckRBISig 408C73F2 label
checkROMs 408C740C label
notAn040 408C7426 label
go 408C7436 label
NoROMTest 408C746E label
noPmgr 408C74BA label
NoASC 408C74E4 label
ReturnToStartInit 408C758E label
EmuColdStart 408C7594 label
NonEmulatedMachine 408C7610 label
checkRamDisk 408C7620 label
memLoop 408C762C label
testchk 408C7674 function
checkForParity 408C7764 function
next 408C7798 label
noPGCparity 408C77B0 label
noPGC 408C77B6 label
noParity 408C77F6 label
scandone 408C77FA label
exit 408C77FC label
JGetHardwareInfo 408C7806 function
JGetExtHardwareInfo 408C7810 function
SizeV8VRAM 408C781A function
USTInit 408C786A function
USTPmgrTurnOn 408C791C function
USTPmgrSendCommand 408C7936 function
ReadPramSig 408C79A2 function
NuBusReset 408C7AD0 function
PDS_Reset 408C7AF6 function
busErr 408C7B3C label
exit 408C7B3E label
ResetSignature 408C7B40 label
Mod3Test 408C7B50 function
RevMod3Test 408C7C68 function
RomTest 408C7D6E function
StartUpROMTest 408C7DD0 function
ROMLoop 408C7DE6 label
exit 408C7DFA label
ExtRAMTest 408C7DFC function
AddrLineTest 408C7E50 function
check 408C7E94 label
CheckCont 408C7EB2 label
VerError 408C7EB8 label
DataBusTest 408C7EBA function
dbs_table 408C7EDC label
dynamic_bussize_test 408C7F54 function
dbs_lwb1 408C7F6A label
dbs_lwb2 408C7F8A label
dbs_word 408C7F98 label
dbs_lwb3 408C7F9E label
dbs_lwb4 408C7FBE label
dbs_byte 408C7FCC label
dbs_lwb5 408C7FD0 label
dbs_lwb6 408C7FF0 label
MovInvTest 408C8000 function
NoTest 408C808C function
SCCTimerTest 408C834E label
TestCSCRegs 408CAB0A label
goTM 408CABF0 function
Error1Handler 408CABFA function
TJump 408CBB68 label
MaxTest 408CBB90 label
NJump 408CBB94 label
MaxNTst 408CBC08 label
TMRestart 408CBC10 function
TMEntry0 408CBC20 function
TMEntry1 408CBC24 function
checkForASC 408CBC48 label
SkipSound 408CBC72 label
getCmd 408CBC88 function
checkCmd 408CBCAA label
gotStar 408CBCE2 label
loop 408CBCEE label
CmdTable 408CBD18 label
CTEReturn 408CBD94 label
Invalid 408CBDB4 function
Service 408CBE72 function
PwrMgrCmd 408CC054 function
DoCritTest 408CC060 function
DoNonCritTest 408CC152 function
Version 408CC264 function
NubSTMDispatch 408CC2D8 function
NubMgrDispatch 408CC2DA function
SetupBases 408CC2DC function
InitSCC 408CC30A function
SendString 408CC384 function
loop 408CC386 label
done 408CC392 label
ErrorMsg 408CC394 label
a1Msg 408CC39C label
b1Msg 408CC3A7 label
trailer 408CC3D8 label
Version 408CC3DC label
StartTimer 408CC41C function
GetChar 408CC472 function
CharWaiting 408CC49A label
exit 408CC4A0 label
CvtAscii 408CC4A2 function
numeric 408CC4BA label
error 408CC4BC label
GetNBytes 408CC4C0 function
adjust 408CC4D0 label
loop 408CC4D2 label
hex 408CC4EE label
next 408CC4F2 label
exit 408CC4F6 label
CvtHex 408CC4F8 function
num 408CC500 label
PutNBytes 408CC506 function
exit 408CC566 label
TM_SendByte 408CC568 function
TM_GetByte 408CC588 function
TM_Wait 408CC5B2 function
delay 408CC5B6 label
QuasiPwrMgr 408CC5E6 function
SizeMem 408CC5EA function
SizeV8VRAMShell 408CC600 function
SetVectorTable 408CC642 function
loop 408CC664 label
NewTMCall 408CC674 function
LocalFunctions 408CC6B6 label
NewTM_Table 408CC6BE label
UTECmd 408CC8F2 function
SizeMemory 408CF050 function
InitWallyWorld 408D2870 function
ErrorBeep4 408D2BEC function
DispTable 408D3500 label