BaseOfROM FFC00000 l
StartPC FFC00004 l
ROMVersion FFC00008 l
STBoot FFC0000A f
BadDisk FFC0000E f
PatchFlags FFC00014 l
RomRsrc FFC0001A l
Eject FFC0001E f
DispOff FFC00022 l
Critical FFC00026 f
ResetEntry FFC0002A f
RomLoc FFC0002E l
ForeignOS FFC0004E l
GOOFYDoEject FFC0006A f
StartBoot FFC00074 f
not040 FFC000AE l
not030 FFC000C8 l
StartInit1 FFC000E4 f
hasMMU FFC00138 l
done FFC00148 l
BootRetry FFC0020A f
EInitDone FFC0027A l
noAsyncSCSI FFC0042E l
WhichCPU FFC00432 f
doRTE FFC0047C l
WhichBoard FFC00480 f
SetUpTimeK FFC0048C f
TimerInt FFC00558 f
TimingTable FFC00564 l
DbraTime FFC00576 f
SCCTime FFC00584 f
SCSITime FFC0059A f
VIATime FFC005C6 f
JmpTblInit FFC005DC f
JmpTbl2 FFC005DE f
FillWithOnes FFC005EC f
CompBootStack FFC005F6 f
ConfigureRAM FFC0061E f
SetUpSysAppZone FFC0066E f
SysHeap FFC006D4 l
SysHoleHeap FFC006E2 l
CheckForResetPRAM FFC006F0 f
Keys FFC007E6 l
GetPRAM FFC007FE f
SetPRAM32 FFC0083C f
InitNonMMU FFC00862 f
InitHiMemGlobals FFC0086E f
InitGlobalVars FFC0089E f
DiskName FFC00C7E l
SndName FFC00C84 l
EDiskName FFC00C8C l
BacklightName FFC00C94 l
DrawBeepScreen FFC00CD0 f
FROVideo FFC00D3E f
OpnVidDeflt FFC00DE4 f
RdVidParam FFC00E2C f
OpensDrvr FFC00EF4 f
CheckForEgretOrCuda FFC012FA f
DynamicBoxFlag FFC01374 f
FindStartupDevice FFC01EF0 f
BootMe FFC029E0 f
foundBootDisk FFC029EC l
DisableNextTime FFC02A5C l
OptimizePACKs FFC02A6A f
optLoop FFC02A6E l
branchOptDone FFC02A92 l
PackOptTable FFC02A98 l
done FFC02AA6 l
getDiskInPlace FFC02AA8 f
search FFC02AAC l
CheckForROMDisk FFC02AC4 f
FindROMDisk FFC02B0A f
HeaderTemplate FFC02B64 l
InitSys7Toolbox FFC02B74 f
OpenSlots FFC02C68 f
OpenBDrvrs FFC02D00 f
AdjustBarrier FFC02D60 f
CritErr FFC02DC0 f
TinyTable FFC02F3A l
FailData FFC02F4A f
numFont FFC02F8C l
DeadMac FFC02FBC f
PutIcon FFC02FDE f
SadMacIcon FFC0301C l
SystemError FFC031D0 f
InitRomVectors FFC062B0 f
SwitchMMU FFC0A1CA f
InitMMU FFC0C222 f
ValidatePRAM FFC0DA9C f
CudaInit FFC0EDB2 f
TRAP_26A FFC0F202 f
DockingDispatch FFC0F310 f
SetupDockBases FFC0F48E f
InitEgretOrCuda FFC0FEB0 f
EnableExtCache FFC10CF6 f
JumpIntoROM FFC14040 f
CudaDone FFC14116 l
InitVIAs FFC1416C f
GetHardwareInfo FFC14250 f
GetExtHardwareInfo FFC144B4 f
EnqueueTrap FFC15190 f
DequeueTrap FFC151C0 f
DictionaryDispatch FFC15D90 f
PortableCheck FFC17D54 f
EMT1010 FFC185E0 f
InitDispatcher FFC18722 f
BadTrap FFC187DA f
DisableIntSources FFC19220 f
StartSDeclMgr FFC21040 f
SCSIDiskMode FFC23190 f
InitSCSIBoot FFC246D0 f
DoEject FFC2CF3E f
HighLevelFSDispatch FFC2FD00 f
Pack9 FFC396C0 f
KeyTrans FFC3AD78 f
InitPack FFC3B360 f
InitAllPacks FFC3B382 f
Pack0 FFC3B402 f
Pack1 FFC3B404 f
Pack2 FFC3B406 f
Pack3 FFC3B408 f
Pack6 FFC3B40E f
Pack7 FFC3B410 f
Pack10 FFC3B416 f
Pack12 FFC3B41A f
LoadSeg FFC3B430 f
UnLoadSeg FFC3B4E0 f
Chain FFC3B57C f
Launch FFC3B582 f
ExitToShell FFC3B6CC f
GetAppParms FFC3B738 f
ShutDown FFC3B7FE f
Pack8 FFC3BFA0 f
Munger FFC3BFC0 f
XMunger FFC3BFEE f
HandToHandTrap FFC3C126 f
PtrToXHandTrap FFC3C14E f
PtrToHandTrap FFC3C156 f
HandAndHandTrap FFC3C170 f
PtrAndHandTrap FFC3C194 f
MethodDispatch FFC3C1A4 f
LongMul FFC3C200 f
FracMul FFC3C21E f
FixMul FFC3C224 f
FracDiv FFC3C312 f
FixDiv FFC3C318 f
FracSqrt FFC3C368 f
FixRatio FFC3C3A2 f
LoWord FFC3C3F4 f
HiWord FFC3C3FC f
FixRound FFC3C406 f
FracCos FFC3C420 f
FracSin FFC3C428 f
FixAtan2 FFC3C4CE f
Fix2X FFC3C58C f
Frac2X FFC3C592 f
X2Fix FFC3C5BE f
X2Frac FFC3C5C4 f
Fix2Long FFC3C620 f
Frac2Fix FFC3C624 f
Long2Fix FFC3C640 f
Fix2Frac FFC3C644 f
SystemEvent FFC3C660 f
SystemClick FFC3C73C f
SystemTask FFC3C818 f
SystemMenu FFC3C8A8 f
SystemEdit FFC3C946 f
OpenDeskAcc FFC3C974 f
CloseDeskAcc FFC3C9C2 f
GetPattern FFC3CA30 f
GetCursor FFC3CA50 f
GetString FFC3CA5E f
GetIcon FFC3CA66 f
GetPicture FFC3CA6E f
GetNewCWindow FFC3CA76 f
GetNewWindow FFC3CA82 f
GetNewControl FFC3CBF0 f
GetMenu FFC3CC72 f
GetNewMBar FFC3CD2C f
TEInit FFC3CE76 f
TEGetText FFC3CF12 f
TEDispose FFC3CF1E f
TextBox FFC3CF90 f
TESetText FFC3D114 f
TECalText FFC3D2EE f
TESetSelect FFC3D352 f
TENew FFC3D3B0 f
TEStylNew FFC3D49C f
TEUpdate FFC3D5B6 f
TEClick FFC3D646 f
TEDispatch FFC3F2C2 f
TECopy FFC3F2DA f
TECut FFC3F3B2 f
TEDelete FFC3F3C2 f
TEActivate FFC3FEE6 f
TEDeactivate FFC3FF20 f
TEIdle FFC40052 f
TEPaste FFC4007C f
TEInsert FFC40402 f
TEKey FFC40430 f
TESetJust FFC40D66 f
TEScroll FFC40D8E f
TEPinScroll FFC40DE4 f
TESelView FFC40E6C f
TEAutoView FFC40EF6 f
TEGetOffset FFC415FA f
InfoScrap FFC41BF0 f
UnLoadScrap FFC41C6C f
LoadScrap FFC41CA2 f
ZeroScrap FFC41CD6 f
GetScrap FFC41D22 f
PutScrap FFC41D92 f
PrGlue FFC41E00 f
Secs2Date FFC42140 f
Date2Secs FFC421B8 f
InitMemVect FFC482CC f
Alias FFC4E85C f
MainComponent FFC513D0 f
Pack13 FFC54200 f
Pack11 FFC54230 f
Pack14Entry FFC5AB80 f
__SYSBEEP FFC5B0D4 f
__SNDNEWCHANNEL FFC5B30E f
__SNDDISPOSECHANNEL FFC5B468 f
__SNDADDMODIFIER FFC5B4CA f
__SNDPLAY FFC5B5EC f
__SNDDOCOMMAND FFC5B660 f
__SNDDOIMMEDIATE FFC5B6B8 f
__SNDCONTROL FFC5B76C f
Pack15 FFC65E80 f
GetKeys FFC65EA0 f
Button FFC65EBC f
TickCount FFC65ECE f
GetMouse FFC65F10 f
StillDown FFC65F26 f
WaitMouseUp FFC65F4E f
EventAvail FFC65F6C f
WaitNextEvent FFC661E0 f
DoSysErrorUpdates FFC66260 f
NewControl FFC662F0 f
GetCVariant FFC66442 f
DisposeControl FFC664B6 f
KillControls FFC6655C f
DrawOneControl FFC6656E f
ShowControl FFC6657E f
HideControl FFC6659C f
MoveControl FFC665B0 f
GetCRefCon FFC665EE f
SetCRefCon FFC665FC f
GetCtlAction FFC6660C f
SetCtlAction FFC66610 f
SizeControl FFC66614 f
HiliteControl FFC6663C f
GetCTitle FFC66668 f
SetCTitle FFC66680 f
GetCtlValue FFC666C8 f
GetCtlMin FFC666D6 f
GetCtlMax FFC666DA f
SetCtlValue FFC666DE f
SetCtlMin FFC66720 f
SetCtlMax FFC66724 f
TestControl FFC66728 f
DragControl FFC66756 f
TrackControl FFC66830 f
UpdtControls FFC66992 f
DrawControls FFC669A2 f
FindControl FFC66A2A f
__UserDelay FFC66AE0 f
NewString FFC71DD0 f
SetString FFC71E00 f
SaveOld FFC72060 f
ShowHide FFC72110 f
GetWMgrPort FFC721E0 f
GetCWMgrPort FFC721F0 f
NewCWindow FFC72540 f
NewWindow FFC72550 f
DisposeWindow FFC726C0 f
HideWindow FFC72700 f
GetWRefCon FFC72730 f
SetWRefCon FFC72750 f
SetWindowPic FFC72770 f
GetWindowPic FFC72780 f
GetWTitle FFC72790 f
SetWTitle FFC727B0 f
DeltaPoint FFC72850 f
GetWVariant FFC72A60 f
HiliteWindow FFC72B80 f
SizeWindow FFC72BE0 f
TrackGoAway FFC72CD0 f
TrackBox FFC72CD8 f
BeginUpdate FFC72F60 f
EndUpdate FFC72FB0 f
DragGrayRgn FFC730C8 f
DragTheRgn FFC730D4 f
InvalRgn FFC73350 f
ValidRgn FFC733E0 f
GrowWindow FFC733F0 f
DrawGrowIcon FFC73600 f
SetDeskCPat FFC73620 f
InitWindows FFC73890 f
__SelectWindow FFC73970 f
__BringToFront FFC73980 f
__SendBehind FFC73990 f
__ShowWindow FFC739A0 f
__DragWindow FFC739C0 f
__MoveWindow FFC739D0 f
__ZoomWindow FFC739E0 f
__GetAuxWin FFC73A10 f
__SetWinColor FFC73A20 f
__SetCtlColor FFC73A30 f
__GetAuxCtl FFC73A40 f
__DrawNew FFC73A70 f
LayerDispatch FFC73A80 f
FasterValidRect FFC73AE0 f
FasterInvalRect FFC73AE4 f
__CheckUpdate FFC74FE0 f
__ClipAbove FFC75040 f
__PaintOne FFC75220 f
__PaintBehind FFC75290 f
__CalcVis FFC754E0 f
__CalcVisBehind FFC75510 f
__FindWindow FFC75550 f
__FrontWindow FFC75610 f
__CloseWindow FFC75660 f
InitProcMenu FFC758E0 f
InitMenus FFC758F0 f
ClearMenuBar FFC759C0 f
DeleteMenu FFC75A80 f
InsertMenu FFC75B70 f
DrawMenuBar FFC75D90 f
FlashMenuBar FFC75E90 f
HiliteMenu FFC75EF0 f
EnableItem FFC75F60 f
DisableItem FFC75F90 f
MenuSelect FFC75FF0 f
PopUpMenuSelect FFC76200 f
CalcMenuSize FFC76380 f
MenuChoice FFC76860 f
GetMenuBar FFC76870 f
GetMCInfo FFC768D0 f
SetMenuBar FFC768E0 f
SetMCInfo FFC76910 f
DisposeMenu FFC76930 f
DispMCInfo FFC76950 f
CheckItem FFC76960 f
GetItemMark FFC76980 f
GetItemIcon FFC76990 f
GetItemCmd FFC769A0 f
__GetItemStyle FFC769B0 f
SetItemMark FFC769C0 f
SetItemIcon FFC769D0 f
SetItemCmd FFC769E0 f
SetItemStyle FFC769F0 f
GetMCEntry FFC76AA0 f
DelMCEntries FFC76AD0 f
SetMCEntries FFC76B50 f
MenuKey FFC76CFC f
GetItem FFC76E80 f
NewMenu FFC76EB0 f
AppendMenu FFC76F10 f
InsMenuItem FFC76F18 f
GetMHandle FFC77100 f
DelMenuItem FFC77130 f
SetItem FFC77180 f
SetMenuFlash FFC771D0 f
AddResMenu FFC771E0 f
CountMItems FFC771F0 f
PlotIcon FFC77210 f
MenuMgrDispatch FFC77250 f
InsrtResMenu FFC77690 f
SaveRestoreBitsDispatch FFC776B0 f
InvalMenuBar FFC77D90 f
InitDialogs FFC7DEAA f
StopAlert FFC7DEF6 f
NoteAlert FFC7DEFA f
CautionAlert FFC7DEFE f
Alert FFC7DF02 f
GetNewDialog FFC7E072 f
NewCDialog FFC7E10A f
NewDialog FFC7E10E f
IsDialogEvent FFC7E1E0 f
DialogSelect FFC7E264 f
ModalDialog FFC7E2F4 f
DrawDialog FFC7E3D0 f
UpdtDialog FFC7E3EA f
CloseDialog FFC7E414 f
DisposDialog FFC7E49A f
CouldDialog FFC7E50E f
CouldAlert FFC7E512 f
FreeDialog FFC7E5F4 f
FreeAlert FFC7E5F8 f
ParamText FFC7E5FE f
ErrorSound FFC7E622 f
GetDItem FFC7E62A f
SetDItem FFC7E670 f
GetIText FFC7E6A8 f
SetIText FFC7E6C8 f
SelIText FFC7E734 f
HideDItem FFC7E790 f
ShowDItem FFC7E7EE f
FindDItem FFC7E862 f
ModalDialogMenuSetup FFC7F3F0 f
DialogMgrDispatch FFC7FD40 f
InitResources FFC802F0 f
RsrcZoneInit FFC807B8 f
HCreateResFile FFC80886 f
CreateResFile FFC808DC f
HOpenResFile FFC8092A f
OpenResFile FFC8094E f
OpenRFPerm FFC809A6 f
UseResFile FFC809F0 f
GetResFileAttrs FFC80A1A f
SetResFileAttrs FFC80A26 f
UpdateResFile FFC80ADC f
CloseResFile FFC80E22 f
Count1Resources FFC80ED8 f
CountResources FFC80EDC f
Get1IndResource FFC80F04 f
GetIndResource FFC80F08 f
Count1Types FFC80F92 f
CountTypes FFC80F96 f
Get1IndType FFC80FDC f
GetIndType FFC80FE0 f
Unique1ID FFC81002 f
UniqueID FFC81006 f
Get1Resource FFC81046 f
GetResource FFC8104E f
Get1NamedResource FFC81110 f
GetNamedResource FFC81114 f
LoadResource FFC81B4A f
ReleaseResource FFC81BA2 f
DetachResource FFC81BD2 f
ChangedResource FFC81BF2 f
WriteResource FFC81C36 f
HomeResFile FFC81C74 f
SetResPurge FFC81CA6 f
SetResLoad FFC81CCA f
CurResFile FFC81CD4 f
ResError FFC81CDC f
GetResAttrs FFC81CFE f
SetResAttrs FFC81D12 f
GetResInfo FFC81D48 f
SetResInfo FFC81D8E f
AddResource FFC81DDC f
RmveResource FFC81ED4 f
SizeResource FFC820D6 f
MaxSizeRsrc FFC820F8 f
RsrcMapEntry FFC8210C f
rGetResource FFC82116 f
ResourceDispatch FFC824F0 f
xScriptUtil FFC8A4A0 f
NewGDevice FFC8AAF0 f
DisposGDevice FFC8ABD0 f
InitGDevice FFC8AC30 f
GetGDevice FFC8B320 f
SetGDevice FFC8B330 f
GetDeviceList FFC8B340 f
GetMainDevice FFC8B350 f
GetNextDevice FFC8B360 f
TestDeviceAttribute FFC8B370 f
SetDeviceAttribute FFC8B390 f
GetMaxDevice FFC8B3B0 f
AllocCursor FFC8B430 f
InitCursor FFC8B450 f
SetCursor FFC8B470 f
SetCCursor FFC8B490 f
HideCursor FFC8B4A0 f
ShowCursor FFC8B4B0 f
ObscureCursor FFC8B4C0 f
StdText FFC8E450 f
TextFace FFC8EA70 f
DrawChar FFC8EA7C f
CharWidth FFC8EA8A f
TextFont FFC8EAB0 f
TextMode FFC8EAB4 f
TextSize FFC8EAB8 f
SpaceExtra FFC8EAD0 f
DrawString FFC8EADC f
DrawText FFC8EAEE f
StringWidth FFC8EB10 f
TextWidth FFC8EB20 f
StdTxMeas FFC8EB90 f
MeasureText FFC8ED50 f
GetFontInfo FFC8EEE0 f
CharExtra FFC8EF90 f
StdLine FFC8EFE0 f
LineTo FFC8F0D0 f
Line FFC8F0F0 f
MoveTo FFC8F110 f
Moov FFC8F140 f
HidePen FFC8F200 f
ShowPen FFC8F204 f
GetPenState FFC8F210 f
SetPenState FFC8F24C f
GetPen FFC8F290 f
PenSize FFC8F2A0 f
PenMode FFC8F2B0 f
PenPat FFC8F2C0 f
PenNormal FFC8F2E8 f
StdRect FFC91B00 f
FillRect FFC91E20 f
FillCRect FFC91E24 f
FrameRect FFC91E38 f
PaintRect FFC91E3C f
EraseRect FFC91E40 f
InvertRect FFC91E44 f
SetRect FFC92000 f
EqualRect FFC92010 f
EmptyRect FFC92030 f
OffSetRect FFC92050 f
InSetRect FFC92070 f
SectRect FFC92090 f
UnionRect FFC92130 f
Pt2Rect FFC9216E f
PtInRect FFC921B0 f
ShieldCursor FFC94200 f
PinRect FFC94272 f
ScrnBitMap FFC94380 f
BitNot FFC94470 f
BitAnd FFC94480 f
BitXOr FFC94488 f
BitOr FFC94492 f
BitShift FFC9449A f
BitTst FFC944B0 f
BitSet FFC944BE f
BitClr FFC944C8 f
Random FFC944E0 f
ForeColor FFC94540 f
BackColor FFC9458C f
ColorBit FFC9459C f
GetMaskTab FFC945C0 f
GetCPixel FFC94CA0 f
GetPixel FFC94CAC f
StuffHex FFC94DF0 f
OpenCPort FFC96010 l
InitCPort FFC9604E f
ClosePort FFC96120 f
CloseCPort FFC96120 l
SetCPortPix FFC961A0 f
DisposCTable FFC961E0 f
GetCTSeed FFC961F0 f
NewPixMap FFC96250 f
DisposPixMap FFC96260 f
CopyPixMap FFC962E0 f
SetCPixel FFC96460 f
HiliteColor FFC964C0 f
OpColor FFC964D0 f
GetCCursor FFC96500 f
GetPixPat FFC96520 f
NewPixPat FFC96640 f
DisposPixPat FFC966B0 f
DisposCCursor FFC966B0 f
PenPixPat FFC96770 f
BackPixPat FFC9677C f
CopyPixPat FFC967F0 f
MakeRGBPat FFC97170 f
GetCIcon FFC97230 f
PlotCIcon FFC972E0 f
DisposCIcon FFC97440 f
InitGraf FFC97590 f
OpenPort FFC97730 f
InitPort FFC9773E f
SetStdProcs FFC97810 f
SetStdCProcs FFC97850 f
LocalToGlobal FFC97870 f
GlobalToLocal FFC97878 f
AddPt FFC978AA f
SubPt FFC978B2 f
SetPort FFC978D0 f
GetPort FFC978DE f
GrafDevice FFC978F0 f
SetPortBits FFC97900 f
BackPat FFC9791E f
PortSize FFC97950 f
MovePortTo FFC97970 f
SetOrigin FFC979A0 f
ClipRect FFC979E0 f
SetClip FFC97A00 f
GetClip FFC97A0C f
SetPt FFC97A20 f
EqualPt FFC97A30 f
StdComment FFC97AD0 f
StdGetPic FFC97B30 f
StdPutPic FFC97B50 f
PicComment FFC97C50 f
OpenCPicture FFC97C70 f
OpenPicture FFC97D20 f
ClosePicture FFC97EE0 f
KillPicture FFC97F50 f
DrawPicture FFC97F60 f
ScalePt FFC99C20 f
MapPt FFC99C80 f
MapRect FFC99D40 f
StdPoly FFC9A060 f
FramePoly FFC9A120 f
PaintPoly FFC9A124 f
ErasePoly FFC9A128 f
InvertPoly FFC9A12C f
FillPoly FFC9a130 f
FillCPoly FFC9A134 f
OpenPoly FFC9A170 f
ClosePoly FFC9A1B0 f
KillPoly FFC9A220 f
OffSetPoly FFC9A230 f
MapPoly FFC9A250 f
StdRRect FFC9AAF0 f
FrameRoundRect FFC9ABB0 f
PaintRoundRect FFC9ABB4 f
EraseRoundRect FFC9ABB8 f
InvertRoundRect FFC9ABBC f
FillRoundRect FFC9ABC0 f
FillCRoundRect FFC9ABC4 f
StdBits FFC9B430 f
CopyBits FFC9BDB0 f
CopyMask FFC9C022 f
KopyMask FFC9C0B0 f
SeedFill FFC9C160 f
CalcMask FFC9C168 f
ScrollRect FFC9C2C0 f
PackBits FFC9C570 f
UnpackBits FFC9C624 f
StdRgn FFC9C790 f
FrameRgn FFC9C830 f
PaintRgn FFC9C834 f
EraseRgn FFC9C838 f
InvertRgn FFC9C83C f
FillRgn FFC9C840 f
FillCRgn FFC9C844 f
NewRgn FFC9C980 f
DisposeRgn FFC9C9A0 f
OpenRgn FFC9C9B0 f
CloseRgn FFC9C9E0 f
CopyRgn FFC9CA50 f
SetEmptyRgn FFC9CAA0 f
SetRectRgn FFC9CAB0 f
RectRgn FFC9CB10 f
OffSetRgn FFC9CB20 f
InSetRgn FFC9CB60 f
EmptyRgn FFC9CC10 f
EqualRgn FFC9CC30 f
SectRgn FFC9CC70 f
UnionRgn FFC9CC74 f
DiffRgn FFC9CC78 f
XOrRgn FFC9CC7C f
PtInRgn FFC9CD80 f
RectInRgn FFC9CDE0 f
MapRgn FFC9CF80 f
BitMapRgn FFC9D050 f
StdOval FFCA34C0 f
FrameOval FFCA3580 f
PaintOval FFCA3584 f
EraseOval FFCA3588 f
InvertOval FFCA358C f
FillOval FFCA3590 f
FillCOval FFCA3594 f
StdArc FFCA35D0 f
FrameArc FFCA3680 f
PaintArc FFCA3684 f
EraseArc FFCA3688 f
InvertArc FFCA368C f
FillArc FFCA3690 f
FillCArc FFCA3694 f
UpdatePixMap FFCA3860 f
MakeITable FFCA3870 f
Color2Index FFCA3EC8 f
Index2Color FFCA3F60 f
InvertColor FFCA4010 f
RGBForeColor FFCA4060 f
RGBBackColor FFCA40F6 f
GetForeColor FFCA4110 f
GetBackColor FFCA4152 f
RealColor FFCA4160 f
SetEntries FFCA41E0 f
RestoreEntries FFCA4320 f
SaveEntries FFCA4440 f
ProtectEntry FFCA44E0 f
ReserveEntry FFCA4532 f
SetClientID FFCA4560 f
AddSearch FFCA4570 f
AddComp FFCA45A4 f
DelSearch FFCA45D0 f
DelComp FFCA4600 f
GetSubTable FFCA4630 f
QDError FFCA46F0 f
GetCTable FFCA4896 f
AngleFromSlope FFCA4940 f
SlopeFromAngle FFCA497E f
PtToAngle FFCA4AB0 f
SeedCFill FFCA5090 f
CalcCMask FFCA50AA f
InitPalettes FFCA5E58 f
TSMDispatch FFCAC860 f
SplineCall FFCB6D20 f
InitFonts FFCC42E0 f
FMSwapFont FFCC4490 f
GetFontName FFCC5A9C f
RealFont FFCC5B10 f
GetFNum FFCC5BFA f
SetFontLock FFCC5C3E f
SetFScaleDisable FFCC5C9E f
SetFractEnable FFCc5cac f
FontMetrics FFCC5CB4 f
ElsieTMVectors FFCC6F40 l
TMVectors FFCC7040 l
StartTest1 FFCC72C6 f
cont FFCC72E0 l
checkMDUorOSS FFCC7318 l
DefaultJumper FFCC7330 l
JumperLookup FFCC733C l
CheckJumper FFCC7348 l
SCSICheck FFCC735E l
CheckSCSISig FFCC7364 l
HasJumper FFCC73E8 l
CheckRBISig FFCC73F2 l
checkROMs FFCC740C l
notAn040 FFCC7426 l
go FFCC7436 l
NoROMTest FFCC746E l
noPmgr FFCC74BA l
NoASC FFCC74E4 l
ReturnToStartInit FFCC758E l
EmuColdStart FFCC7594 l
NonEmulatedMachine FFCC7610 l
checkRamDisk FFCC7620 l
memLoop FFCC762C l
testchk FFCC7674 f
checkForParity FFCC7764 f
next FFCC7798 l
noPGCparity FFCC77B0 l
noPGC FFCC77B6 l
noParity FFCC77F6 l
scandone FFCC77FA l
exit FFCC77FC l
JGetHardwareInfo FFCC7806 f
JGetExtHardwareInfo FFCC7810 f
SizeV8VRAM FFCC781A f
USTInit FFCC786A f
USTPmgrTurnOn FFCC791C f
USTPmgrSendCommand FFCC7936 f
ReadPramSig FFCC79A2 f
NuBusReset FFCC7AD0 f
PDS_Reset FFCC7AF6 f
busErr FFCC7B3C l
exit FFCC7B3E l
ResetSignature FFCC7B40 l
Mod3Test FFCC7B50 f
RevMod3Test FFCC7C68 f
RomTest FFCC7D6E f
StartUpROMTest FFCC7DD0 f
ROMLoop FFCC7DE6 l
exit FFCC7DFA l
ExtRAMTest FFCC7DFC f
AddrLineTest FFCC7E50 f
check FFCC7E94 l
CheckCont FFCC7EB2 l
VerError FFCC7EB8 l
DataBusTest FFCC7EBA f
dbs_table FFCC7EDC l
dynamic_bussize_test FFCC7F54 f
dbs_lwb1 FFCC7F6A l
dbs_lwb2 FFCC7F8A l
dbs_word FFCC7F98 l
dbs_lwb3 FFCC7F9E l
dbs_lwb4 FFCC7FBE l
dbs_byte FFCC7FCC l
dbs_lwb5 FFCC7FD0 l
dbs_lwb6 FFCC7FF0 l
MovInvTest FFCC8000 f
NoTest FFCC808C f
SCCTimerTest FFCC834E l
TestCSCRegs FFCCAB0A l
goTM FFCCABF0 f
Error1Handler FFCCABFA f
TJump FFCCBB68 l
MaxTest FFCCBB90 l
NJump FFCCBB94 l
MaxNTst FFCCBC08 l
TMRestart FFCCBC10 f
TMEntry0 FFCCBC20 f
TMEntry1 FFCCBC24 f
checkForASC FFCCBC48 l
SkipSound FFCCBC72 l
getCmd FFCCBC88 f
checkCmd FFCCBCAA l
gotStar FFCCBCE2 l
loop FFCCBCEE l
CmdTable FFCCBD18 l
EchoCmd FFCCBD80 f
CTEReturn FFCCBD94 l
Invalid FFCCBDB4 f
Service FFCCBE72 f
SetCache FFCCBF5C f
MMUOff FFCCBF68 f
EchoOn FFCCC046 f
InitTestManager FFCCC04E f
PwrMgrCmd FFCCC054 f
DoCritTest FFCCC060 f
DoNonCritTest FFCCC152 f
EchoVersion FFCCC264 f
NubSTMDispatch FFCCC2D8 f
NubMgrDispatch FFCCC2DA f
SetupBases FFCCC2DC f
InitSCC FFCCC30A f
OutChar FFCCC368 f
SendString FFCCC384 f
loop FFCCC386 l
done FFCCC392 l
ErrorMsg FFCCC394 l
a1Msg FFCCC39C l
b1Msg FFCCC3A7 l
trailer FFCCC3D8 l
Version FFCCC3DC l
StartTimer FFCCC41C f
GetChar FFCCC472 f
CharWaiting FFCCC49A l
exit FFCCC4A0 l
CvtAscii FFCCC4A2 f
numeric FFCCC4BA l
error FFCCC4BC l
GetNBytes FFCCC4C0 f
adjust FFCCC4D0 l
loop FFCCC4D2 l
hex FFCCC4EE l
next FFCCC4F2 l
exit FFCCC4F6 l
CvtHex FFCCC4F8 f
num FFCCC500 l
PutNBytes FFCCC506 f
ascii FFCCC52E l
exit FFCCC566 l
TM_SendByte FFCCC568 f
TM_GetByte FFCCC588 f
TM_Wait FFCCC5B2 f
delay FFCCC5B6 l
QuasiPwrMgr FFCCC5E6 f
SizeMem FFCCC5EA f
SizeV8VRAMShell FFCCC600 f
SetVectorTable FFCCC642 f
loop FFCCC664 l
NewTMCall FFCCC674 f
LocalFunctions FFCCC6B6 l
NewTM_Table FFCCC6BE l
STM_Util FFCCC8A6 l
GI_Table FFCCC8D2 l
UTECmd FFCCC8F2 f
CmdDecode FFCCC93A l
Branch FFCCC950 l
finish FFCCC984 l
UTEReset FFCCC986 f
USTDumpRAM FFCCC9C0 f
UTEReadPRAM FFCCC9D6 f
SendData FFCCCD42 f
SizeMemory FFCCF050 f
InitWallyWorld FFCD2870 f
ErrorBeep4 FFCD2BEC f
DispTable FFCD3500 l