BaseOfROM 900000 label
DispOff 900022 label
Critical 900026 function
StartBoot 900058 function
StartInit1 900096 function
BootRetry 90011C function
JmpTblInit 900224 function
JmpTbl2 900226 function
FillWithOnes 900234 function
CompBootStack 900244 function
SetUpSysAppZone 900252 function
DrawBeepScreen 900290 function
InitShutdownMgr 90031C function
InitPmgrVars 900322 function
InitADBVars 900416 function
InitHiMemGlobals 900440 function
InitGlobalVars 900460 function
SwitchGoodies 900524 label
WDCBSwOS 90055C label
PMSPSwOS 90055E label
InitSwitcherTable 900560 function
GetPRAM 900574 function
WhichCPU 9005B2 function
WhichBoard 9005F0 function
SetUpTimeK 90060C function
InitSCSIGlobals 900718 function
InitSCSI 900732 function
InitIWMGlobals 90074A function
InitIWM 900754 function
InitVIAGlobals 900794 function
InitVIA 90079E function
VIATimerEnables 9007C0 function
InitSCCGlobals 9007D4 function
Gary 9007EA label
InitSCC 900808 function
WriteSCC 900826 function
InitVidGlobals 900836 function
InitCrsrVars 90087A function
InitCrsrMgr 90088A function
InitIOMgr 900902 function
InitMemMgr 900970 function
InitRsrcMgr 90098E function
InitDTQueue 90099E function
GOOFYDoEject 9009B0 function
StartTest 9009BA label
StartTest1 900BBC function
ROMChk 900C5C label
TJump 900E5E label
MaxTest 900E6E label
NJump 900E70 label
MaxNTst 900E86 label
PostProc 900E88 label
GoTM 900E88 function
RAMTest 900E96 function
Error2Handler 900EBE function
Error1Handler 900EBE function
Error3Handler 900F22 function
Error4Handler 900F3C function
NCErrorHandler 900F56 function
TMProc 900FB0 label
TestManager 900FB0 function
TMRestart 9012D0 function
TMEntry0 9012D0 function
TMEntry1 9012D4 function
DoCritTest 901648 function
DoNonCritTest 9016FC function
EchoCmd 9017CC function
a1MsgLength 901872 label
a1Msg 901873 label
b1MsgLength 90187A label
b1Msg 90187B label
GetChar 9018A2 function
CvtAscii 901906 function
SetupBases 9019F8 function
StartTimer 901A62
WrXByte 901AB8 function
RdXByte 901AD8 function
QuasiPwrMgr 901B28 function
StPwrMgr 901CC4 function
CritProc 901CD6 function
DataBusTest 901CD6 function
StartUpROMTest 901D04 function
Mod3Test 901D2A function
RevMod3Test 901E2E function
RomTest 901F22 function
ExtRAMTest 901F90 function
AddrLineTest 901FEE function
NOTEST 902064
NonCritProc 902068 function
VramAddrTest 902068 function
VramDataTest 9020E2 function
MapRamDataTest 90210E function
MapRamUniqTest 90215A function
SCCLoopTest 90229A function
SCCRegTest 902322 function
SCCTimerTest 90235A function
VIATest 902444 function
TestSCSI 9025C2 function
TestASC 9026A6 function
PramTest 9027DE function
PRLOG 9027E2
FindStartupDevice 9027E2 function
GetDefaultStartup 902876 function
SetDefaultStartup 902880 function
InternalWait 90288A function
EmbarkOnSearch 9028B2 function
WaitForInternal 9028D2 function
LoadDrivers 90295E function
PlanStrategy 902986 function
FindNextCandidate 902992 function
NextDQEntry 9029A6 function
SelectDevice 9029B6 function
CheckMouseEject 9029D4 function
GetStartupInfo 9029E0 function
ReactToFailure 902A00 function
VisualUpdate 902A1C function
EnableXFlash 902A58 function
ShowSuccess 902A5E function
EjectMe 902A72 function
IsReject 902A80 function
IsItFlopOrDef 902A92 function
IsItFloppy 902AA6 function
IsItAnything 902AAE function
NeverAgain 902AB2 function
InBootMask 902AC8 function
ShowDeviceFail 902ADA function
HappyMac 902AE6 function
ShowPlainDisk 902AF4 function
ShowDiskQ 902AFC function
ShowDiskX 902B04 function
EraseMyIcon 902B0C function
PlotMyIcon 902B26 function
PLOTICNN 902B3C
PSHICNRECT 902B8C
HappyIcon 902BB0 label
DiskIcon 902CB0 label
QDiskIcon 902DB0 label
XDiskIcon 902EB0 label
iGetTimeOut 902FB0 function
iSetTimeOut 902FBA function
iGetWaitFlags 902FD6 function
iSetWaitFlags 902FE0 function
iDisableDynWait 902FF6 function
iEnableDynWait 903008 function
iDisablePermWait 90301A function
iEnablePermWait 90302C function
GetRawTimeout 90303E function
SetRawTimeout 903050 function
MyBoot 903060 label
BootMe 903060 function
CenterRect 903494 function
MouseInit 9034C6 function
InitEvents 903510 function
CritErr 90353A function
FailData 9035AA function
chLoop 9035BE label
numFont 9035E6 label
DeadMac 903616 function
PutSymbol 903644 function
PutIcon 903654 function
SysErrInit 90371E function
Debugger 90375E function
DebugProlog 90379E function
ToDeepShit 9037B0 function
GenExcps 9037F2 function
IRQException 90380A
SystemError 90380C function
SysErr1 903812 function
SysErr2 903822 function
AllocFakeRgns 90386C function
DSErrorHandler 9038BA function
SizeMemory 903EA6 function
PowerMngr 904014 function
PmgrInt 90402A function
EnvInt 904074 function
BatInt 904080 function
BatWatch 9040A0 function
SndWatch 90422E function
PmgrOp 904274 function
GoToSleep 9045D6 function
WakeUp 9046C0 function
PowerOff 9049D0 function
SystemBeep 904A18 function
BootBeep 904A98 function
ErrorBeep1 904AA8 function
ErrorBeep2 904AAE function
ErrorBeep3 904AB4 function
ErrorBeep4 904ABA function
CacheProc 904C48 function
CacheTrap 904C58 function
QStuff 904D3E label
Enqueue 904D3E function
Dequeue 904D64 function
InitQueue 904DAC function
Dispatcher 904DB6 label
EMT1010 904DB6 function
GetTrapAddress 904F0E function
SetTrapAddress 904F16 function
CacheFlush 904F1E function
vCacheFlush 904F30 function
InitDispatcher 904F40 function
BadTrap 904FBA function
IntHnd 904FC6 function
InitIntHandler 9051CE function
DebugUtil 905236 function
DTCore 90528A label
DTInstall 90528A function
DisptchTsk 9052A2 function
vDisptch 9052A8 function
VBLCore 9052E4 label
VInstall 9052E4 function
VRemove 905334 function
VBLInt 90534A function
KBDMngr 9053B8 label
InitADB 9053B8 function
FDBShiftInt 905678 function
ADBOp 9057E0 function
ADBReInit 905BB8 function
InitADBDrvr 905BEE function
ADBProc 905C42 function
CountADBs 905C7C function
GetIndADB 905C96 function
GetADBInfo 905CC2 function
SETADBINFO 905CC8
KeyTrans 905DA2 function
RSetKMap 905EB0 function
TimeMgr 905EC2 label
RmvTime 905EC2 function
InsTime 905F1E function
PrimeTime 905F76 function
InitTimeMgr 90613A function
clock 9061AE label
OneSecInt 9061AE function
ClkRW 9061D8 function
ReadXPRam 90631A function
WriteXPRam 906350 function
ClkNoMem 9063A0 function
Events 9063A2 label
PostEvent 9063A2 function
OSEventAvail 906420 function
GetOSEvent 9064AC function
FlushEvents 9064D6 function
IOCORE 90651E
FSIODNETBL 90651E
FETCH 906524
STASH 906568
IODONE 906570
VGODRIVER 90664E
Open 9066F2 function
Close 90689A function
vWaitUntil 9068BC function
Read 9068D8 function
vSyncWait 90694A function
write 906958
Control 90696E function
Status 90697E function
KillIO 9069A4 function
DrvrInstall 9069F8 function
DrvrRemove 906A56 function
AddDrive 906A86 function
SCSIStuff 906A96 label
InitSCSIMgr 906A96 function
SCSIMgr 906B54 function
SCSIBoots 907316 function
SCSILoad 907316 function
Loader 9075B6 label
LoadSeg 9075B6 function
UnloadSeg 907648 function
APPZONEADDR 907690
FlushApplVBLs 9076B2 function
CHAIN 9076DA
LAUNCH 9076E0
VSEGSTACK 9077DC
EXITTOSHELL 90782A
VLAUNCHINIT 907860
getappparms 907886
INSTALLRDRIVERS 9078A2
SGLDREND 907904
SYSUTIL 907904
ASYNCPATCH 907904
ReadParam 907906 function
WriteParam 907920 function
ReadDateTime 907944 function
SetDateTime 90794E function
Delay 907956 function
LWRSTRING 907968
uprstring 9079D0
CmpString 9079E6 function
relstring 9079FC
READPRAM 907E70
InitUtil 907EA6 function
SYSENVIRONS 907FC8
BLOCKMOVES 9080C2
BlockMove 9080D0 function
BlockMove68020 90824C function
Heap 9083C8 label
SetApplBase 9083C8 function
InitApplZone 9083EE function
VIAZINIT 908468
VIAZPOSTINIT 9084DE
InitZone 9084E8 function
GetZone 908582 function
SetZone 908588 function
MAXBLOCK 90858E
COMPACTMEM 90859C
PURGEMEM 9085CC
PURGESPACE 9085E8
FREEMEM 9085F2
RESRVMEM 9085FC
MAXMEM 90861A
SETGROWZONE 90864E
SETAPPLLIMIT 908658
STACKSPACE 90868C
MAXAPPLZONE 90869E
NEWPTR 9086D4
DISPOSEPTR 9086F0
GETPTRSIZE 908706
SETPTRSIZE 908710
PTRZONE 90871A
NewEmptyHandle 908738 function
NWHANDLE 90874C
DSPOSEHANDLE 90876E
GETHANDLESIZE 90878E
SETHANDLESIZE 90879A
HANDLEZONE 9087AC
RECOVERHANDLE 9087B4
EMPTYHANDLE 9087DA
REALLOCHANDLE 9087EA
HLOCK 90882E
HUNLOCK 908838
HPURGE 908842
HNOPURGE 90884C
HRSRC 908860
HNORSRC 90886A
HGETFLAGS 908886
HSETFLAGS 908894
MOREMASTERS 90889E
STRIPADDRESS 9088B6
MOVEHHI 9088BC
HEAPGUTS 908A9E
MMPPROLOGUE 908AEE
MMHPROLOGUE 908B02
MMPROLOGUE 908B48
MMRHPROLOGUE 908B6A
MMEPILOGUE 908BA8
MMNOERREPILOGUE 908BB4
MAKEBKF 908BBA
EH 908BC0
PURGEHEAP 908C0E
TOTEPURGEABLES 908CA0
BKCOMPACTS 908D00
ALLOCBK 908D9C
COMPACTHP 908E50
TOMAXLIMIT 908EE6
MAXLIMIT 908EEE
ZONEADJUSTEND 908F08
ACTUALS 908F72
GETSIZE 908F86
CLEARGZSTUFF 908F9E
SETSIZE 908FA8
ADJUSTFREE 909122
NEXTMASTER 90912E
HMAKEMOREMASTERS 90914A
RELEASEMP 90917A
MAKEPTRSPC 909184
FREEBK 9092F4
STDGZ 909320
MEMMGREND 909374
SHUTDOWN 909374
SHUTDOWNDISP 909382
TURBOFS 909540
TFSDISPATCH 909540
FSQUEUESYNC 909594
CMDDONE 90964C
FINITQUEUE 909766
DSHOOK 909780
DOEJECT 909920
VDOEJECT 909920
INITFS 909954
DIVUP 909A42
ROUNDALLOC 909A56
GETVCBRFN 909A98
MARKVCB 909B10
MARKVCBTIME 909B12
FLUSHMDB 909B20
VFLUSHMDB 909B26
MAKESTKPB 909BE8
MOUNTVOL 909BFA
VCHECKREMOUNT 909E10
VMTCHECK 909F9A
VBMCHK 90A176
FINDDRIVE 90A258
VFINDDRIVE 90A25E
OFFLINE 90A284
eject 90A32A
unmountvol 90A400
flushvol 90A4A6
VCKEXTFS 90A4E8
VDTRMV3 90A4F8
VDTRMV1 90A50C
VDTRMV2 90A644
GETVOLINFO 90A6DC
SETVOLINFO 90A884
getvol 90A940
setvol 90A988
SETDIR 90A9C8
GETDIR 90A9FC
OPENWD 90AA20
CLOSEWD 90AACC
GETWDINFO 90AB06
openrf 90AED6
FILEOPEN 90AEE0
VFILEOPEN 90AEE6
VPERMSSNCHK 90B062
CREATEDIR 90B0C6
FILECREATE 90B0D2
FILEDELETE 90B2FC
rename 90B37C
TFMOVE 90B538
SETFILTYPE 90B758
SETFILLOCK 90B790
RSTFILLOCK 90B79A
SETFILEINFO 90B7DC
SETCATINFO 90B80E
VFNDFILNAME 90B89C
GETCATINFO 90B9D6
GETFILEINFO 90B9E8
TFSVCBTST 90BDD2
GETFPOS 90BE1C
SETFPOS 90BE20
FILEREAD 90BE24
VFILEREAD 90BE2A
FILEWRITE 90BF40
VFILEWRITE 90BF46
FLUSHFILE 90C060
FILECLOSE 90C06A
VFILECLOSE 90C070
VFCLOSE 90C090
GETEOF 90C25C
VRFNCALL 90C274
VTSTMOD 90C2BE
GETFCBINFO 90C2D4
FILEALLOC 90C3B2
SETEOF 90C3E2
VADJEOF 90C452
LG2PHYS 90C4F6
VLG2PHYS 90C4FC
VSM 90C6EC
BLKALLOC 90C6EC
VBLKALLOC 90C6F2
BLKDEALLOC 90C846
VBLKDEALLOC 90C84C
BLKCHK 90C88C
UPDATEFREE 90C8E6
VREADBM 90C91A
FXM 90C9BA
DEALLOCFILE 90C9BA
VDEALLOCFILE 90C9C0
EXTENDFILE 90CA8E
VEXTENDFILE 90CA94
FXMKEYCMP 90CC0A
MAPFBLOCK 90CC48
VMAPFBLOCK 90CC4E
TRUNCATEFILE 90CCCA
VTRUNCATEFILE 90CCD0
VXFSEARCH 90CE3E
CMSVCS 90CF7C
CMCREATECN 90CF7C
CMDELETECN 90D0C2
CMGETCN 90D16E
CMGETOFF 90D18E
CMMOVECN 90D1F2
CMRENAMECN 90D398
CMUPDATECN 90D4A0
VCMSETUP 90D4D8
CMMAINT 90D50A
BUILDKEY 90D50A
CMFLUSH 90D538
CMKEYCMP 90D56C
LOCCNODE 90D5A8
LOCCREC 90D5C8
VLOCCREC 90D5CE
UPDCNAME 90D5F6
BTSVCS 90D610
BTCLOSE 90D610
VBTCLOSE 90D616
BTDELETE 90D650
VBTDELETE 90D656
BTFLUSH 90D802
VBTFLUSH 90D808
BTGETRECORD 90D866
VBTGETRECORD 90D86C
BTINSERT 90D91E
VBTINSERT 90D924
BTOPEN 90DBBE
VBTOPEN 90DBC4
BTSEARCH 90DC76
VBTSEARCH 90DC7C
BTUPDATE 90DD00
VBTUPDATE 90DD06
BTALLOC 90DD62
ALLOCNODE 90DD62
VALLOCNODE 90DD68
EXTBTFILE 90DDF8
VEXTBTFILE 90DDFE
FREENODE 90DEE6
VFREENODE 90DEEC
VUPDALTMDB 90DF9E
BTMAINT1 90E092
ROTATELT 90E092
SPLITLT 90E182
TREESEARCH 90E20C
VTREESEARCH 90E212
BTMAINT2 90E2CA
BUILDIREC 90E2CA
CHKNODE 90E2EC
CLRNODE 90E370
DELETEREC 90E38C
GETLTSIB 90E3DC
GETRTSIB 90E3E6
GETMAXKEY 90E416
GETNODE 90E422
VGETNODE 90E428
GETNODESIZ 90E45C
GETOFFSET 90E474
GETRECA 90E48C
INITNODE 90E4A8
INSERTREC 90E4DA
LOCBTCB 90E54C
LOCREC 90E556
LOCTPR 90E588
MOVOFFLT 90E598
MOVOFFRT 90E5A8
MOVRECLT 90E5BE
MOVRECRT 90E5D4
RELNODE 90E5EE
VRELNODE 90E5F4
SEARCHNODE 90E608
UPDDREC 90E664
UPDIKEY 90E686
CACHE 90E6B8
FLUSHCACHE 90E6E2
VFLUSHCACHE 90E6E8
GETBLOCK 90E7CC
VGETBLOCK 90E7D2
INITCACHE 90E9B4
MARKBLOCK 90EA0E
VMARKBLOCK 90EA14
MARKA5BLOCK 90EA1C
RELBLOCK 90EA24
VRELBLOCK 90EA2A
TRASHVBLKS 90EA76
VTRASHVBLKS 90EA7C
TRASHFBLOCKS 90EAA4
TRASHBLOCKS 90EAAE
VTRASHBLOCKS 90EB02
CACHERDIP 90EB44
VCACHERDIP 90EB4A
CACHEWRIP 90EB70
VCACHEWRIP 90EB76
CACHEIO 90EBC8
READOWNBUF 90EBC8
READBLOCK 90EBC8
WRITEOWNBUF 90EBD2
WRITEBLOCK 90EBDA
VBASICIO 90EC34
RDBLOCKS 90ECA8
VRDBLOCKS 90ECAE
WRBLOCKS 90ECF6
VWRBLOCKS 90ECFC
VSETUPTAGS 90ED0E
CallPascal 90ED5C
CALLCALLBACKROUTINE 90ED5C
CALLMODIFIERROUTINE 90ED5C
SMGlobalLoc 90ED64
SMGlobHndl 90ED6C
TimerCode 90ED70
InitTimer 90EE56
WriteMinTimer 90EE6E
WriteTimer 90EE8C
ReadTimer 90EEBA
NewPtr 90EED6
NewSysPtr 90EEE0
DisposPtr 90EEEA
HLock 90EEF2
MoveHHi 90EEFA
HGetState 90EF02
HSetState 90EF0A
MemError 90EF16
StripAddress 90EF1E
RecoverHandle 90EF26
IsNuMac 90EF30
WaitBit 90EF32
inAppHeap 90EF42
SndAllOff 90EF6C
BlockInts 90EF76
UnBlockInts 90EF82
GestaltCall 90EF88
MYGETRESOURCE 90EF9C
IsAscMac 90F026
initGlobals 90F064
InsertInQueue 90F0BE
NextFromQueue 90F14E
ChannelModifier 90F1C4
processCommandFrom 90F35C
processCommand 90F3D8
processNextCommand 90F41C
sendEmptyCommand 90F466
tickleModifier 90F4AC
findModifier 90F4EA
disposChannel 90F54E
checkChannel 90F620
pumpResource 90F652
OnTimeInterrupt 90F6FA
SNDAPPDEAD 90F806
ASYNCHCALLBACK 90F85E
SNDDOCOMMAND 90F8AA
SNDDOIMMEDIATE 90F94A
SNDADDMODIFIER 90F9A8
SNDNEWCHANNEL 90FB36
SNDDISPOSECHANNEL 90FC32
SNDPLAY 90FCD2
SNDCONTROL 90FF0C
MISCMGR 90FFEA
GETKEYS 90FFEA
BUTTON 910006
TICKCOUNT 910018
GETMOUSE 91005A
STILLDOWN 910070
WAITMOUSEUP 910098
EVENTAVAIL 9100B6
GETNEXTEVENT 9100BA
WAITNEXTEVENT 9102F0
WMGR 910368
newstring 910376
setstring 91038E
DELETEWINDOW 9103EA
CALCVIS 910402
CALCVISBEHIND 910460
CLIPABOVE 9104A4
PAINTONE 9104C8
PAINTBEHIND 910578
GETNEWRGN 9105D8
SAVEOLD 9105E4
DRAWNEW 910612
SHOWHIDE 910672
SETWPORT 9106A4
RESTOREPORT 9106AE
GETWMGRPORT 9106B4
CHECKUPDATE 9106C8
INITWINDOWS 91075C
newwindow 910846
CLOSEWINDOW 91097A
DISPOSEWINDOW 910A08
SHOWWINDOW 910A16
HIDEWINDOW 910A3E
GETWREFCON 910A68
SETWREFCON 910A76
SETWINDOWPIC 910A86
GETWINDOWPIC 910A8C
getwtitle 910A92
setwtitle 910AAA
deltapoint 910B28
MOVEWINDOW 910B84
GETWVARIANT 910C30
HILITEWINDOW 910CD8
SIZEWINDOW 910D18
ZOOMWINDOW 910D6C
trackgoaway 910DD2
trackbox 910DDA
SELECTWINDOW 910E48
BRINGTOFRONT 910E78
SENDBEHIND 910F1A
BEGINUPDATE 910F70
ENDUPDATE 910FB0
FRONTWINDOW 910FD8
dragwindow 911002
WMGRGRAY 9110BC
draggrayrgn 9110C4
DRAGTHERGN 9110D0
INVALRGN 9111FC
INVALRECT 911242
VALIDRGN 911260
VALIDRECT 911264
growwindow 911268
findwindow 911372
DRAWGROWICON 9113F6
WMGREND 911414
MMGR 911414
INITPROCMENU 911414
INITMENUS 911444
CALCMBHEIGHT 9114B8
CLEARMENUBAR 911546
INSERTMENU 91155E
DELETEMENU 91165A
DRAWMBAR 9116C0
DRAWMENUBAR 9116CA
HILITEMENU 9116E8
ENABLEITEM 91173A
DISABLEITEM 91175C
menuselect 9117A2
POPUPMENUSELECT 9118EE
FULLCLIP 911DD4
GETMENUBAR 911DFC
SETMENUBAR 911E16
DISPOSEMENU 911E2E
FLASHMENUBAR 911E46
CALLMBARPROC 911E84
GETITEMICON 911F52
SETITEMICON 911F56
GETITEMCMD 911F5A
SETITEMCMD 911F5E
GETITEMSTYLE 911F62
SETITEMSTYLE 911F66
GETITEMMARK 911F6A
SETITEMMARK 911F6E
CHECKITEM 911F72
MENUKEY 911F92
getitem 9120DE
CALCMENUSIZE 912134
newmenu 91216E
appendmenu 9121C0
insmenuitem 9121C8
GETMHANDLE 91235A
DELMENUITEM 912382
setitem 9123BA
SETMENUFLASH 912400
ADDRESMENU 91240A
INSRTRESMENU 912412
COUNTMITEMS 912570
PLOTICON 91258C
MMGREND 9125C8
CMGR 9125C8
newcontrol 9125C8
GETCVARIANT 9126C4
DisposeControl 912708 function
KillControls 91272C function
DRAWONECONTROL 91273E
ShowControl 91274E function
HideControl 91276C function
MoveControl 912780 function
GETCREFCON 9127BE
SETCREFCON 9127CC
GETCTLACTION 9127DC
SETCTLACTION 9127E0
SIZECONTROL 9127E4
HILITECONTROL 91280C
getctitle 912838
setctitle 912850
GETCTLVALUE 912892
GETCTLMIN 9128A0
GETCTLMAX 9128A4
SETCTLVALUE 9128A8
SETCTLMIN 9128EA
SETCTLMAX 9128EE
testcontrol 9128F2
dragcontrol 912920
trackcontrol 9129D2
UPDTCONTROLS 912AC0
DRAWCONTROLS 912AD0
findcontrol 912B58
CMGREND 912BC6
DMGR 912BC6
INITDIALOGS 912BD0
STOPALERT 912C86
NOTEALERT 912C8A
CAUTIONALERT 912C8E
ALERT 912C92
GETNEWDIALOG 912DB0
newdialog 912DEA
ISDIALOGEVENT 912E84
DIALOGSELECT 912EC0
MODALDIALOG 912F02
DRAWDIALOG 912F90
UPDTDIALOG 912FA8
CLOSEDIALOG 912FD0
DISPOSDIALOG 913054
COULDDIALOG 91308A
COULDALERT 913098
FREEDIALOG 9130F2
FREEALERT 913100
paramtext 913152
ERRORSOUND 913176
GETDITEM 91317E
SETDITEM 9131C4
getitext 9131FC
setitext 91321C
SELITEXT 913280
HIDEDITEM 9132DC
SHOWDITEM 91333A
findditem 9133AE
DMGREND 9138F2
RMGR 9138F2
INITRESOURCES 913914
VSUPERLOAD 913A84
VNEWMAP 913BBC
RSRCZONEINIT 913CA8
createresfile 913D3C
openresfile 913D86
openrfperm 913DB6
USERESFILE 913DCA
GETRESFILEATTRS 913DD4
SETRESFILEATTRS 913DE0
UPDATERESFILE 913E96
VCMPFRM 913F7E
CLOSERESFILE 914170
COUNT1RESOURCES 914210
COUNTRESOURCES 914214
GET1INDRESOURCE 91423A
GETINDRESOURCE 91423E
COUNT1TYPES 9142D6
COUNTTYPES 9142DA
GET1INDTYPE 914320
GETINDTYPE 914324
UNIQUE1ID 914346
UNIQUEID 91434A
GET1RESOURCE 914384
GETRESOURCE 914388
get1namedresource 9143C8
getnamedresource 9143CC
VCHECKLOAD 9146D6
LOADRESOURCE 91497A
RELEASERESOURCE 9149B8
DETACHRESOURCE 9149E2
CHANGEDRESOURCE 9149FA
WRITERESOURCE 914A36
HOMERESFILE 914A70
SETRESPURGE 914A9A
SETRESLOAD 914ABA
CURRESFILE 914AC4
RESERROR 914ACC
ADDREFERENCE 914AD4
RMVEREFERENCE 914AE4
GETRESATTRS 914AEE
SETRESATTRS 914B02
getresinfo 914B34
setresinfo 914B7A
addresource 914BC4
RMVERESOURCE 914C9C
SIZERESOURCE 914E18
MAXSIZERSRC 914E3A
RSRCMAPENTRY 914E4E
RGETRESOURCE 914E5A
IAPPEND 914E86
BYTES 914E86
Munger 914E86 function
XMUNGER 914EB4
HANDTOHAND 914FEA
PTRTOXHAND 915012
PTRTOHAND 91501A
HANDANDHAND 915034
PTRANDHAND 915058
METHODDISPATCH 915068
LongMul 9150C4 function
FracMul 9150F0 function
FIXMUL 9150F8
FRACDIV 9151C2
FIXDIV 9151C8
FRACSQRT 915218
FIXRATIO 915252
LOWORD 91528C
HIWORD 915294
FIXROUND 91529E
FRACCOS 9152B8
FRACSIN 9152C0
FIXATAN2 915366
FIX2X 915424
FRAC2X 91542A
X2FIX 915456
X2FRAC 91545C
FIX2LONG 9154B8
FRAC2FIX 9154BC
LONG2FIX 9154D8
FIX2FRAC 9154DC
DESKMGR 9154EC
SYSTEMEVENT 9154EC
SYSTEMCLICK 9155C8
SYSTEMTASK 91569C
SYSTEMMENU 915720
SYSTEMEDIT 915768
opendeskacc 915796
CLOSEDESKACC 9157E4
getpid 915902
GetFreeAux 915944
AddAuxRec 91597C
LinkAuxRec 9159C0
UnLinkAuxRecs 9159FC
InsertMarkRec 915A3A
InsertIconRec 915AB6
ValidIconRec 915B02
NMINIT 915B58
_NMInstall 915B90
_NMRemove 915BDE
AddrInRange 915C3E
COPYSTRING 915C98
FLUSHAPPLNM 915CD4
NMFILTER 915D3C
DEFBUTPROC 915DE8
FindItem 915E40
GetAppleMenu 915E9C
CallMBarProc 915EEC
SWAPITEMMARKS 915F7A
ClearMarks 915FC8
SWAPDAMARK 91600C
MarkItem 916100
RotateIcon 91615C
DoSound 91619C
DoDialog 9161F4
DoRespProc 9163DC
NMGNEFILTER 91642E
NMTASK 9164F4
__NMINSTALL 9166F6
__NMREMOVE 916702
NMInstall 91670E
NMRemove 916716
_FC2X 91671E
_fprocENTRYsp 91676A
_fprocEXITsp 916794
GESTALTTRAP 9167DC
getGestalt 916824
getSysVersion 91686E
getRomVersion 916882
getAuxVersion 91689A
getMachineType 9168C0
getProcessor 9168DC
getKeyboard 9168F4
getFPUType 91692E
getMMUType 91697C
getPageSize 9169B0
getRAMSize 9169FE
getROMSize 916A40
qdVersion 916A8C
getATalkVersion 916AC0
PowerMgr 916AEE
getAddrMode 916B2A
getSoundAttr 916B46
getTimeMgrType 916BC0
getSCCRd 916BF8
getSCCWr 916C0A
getRBV 916C1C
getVIA1 916C4A
getVIA2 916C5C
VMInfo 916C8A
getFirstSlot 916C9A
getMachSpecific 916CEA
Internal 916DFA
INITGESTALT 916E4C
newGestalt 916FEC
removeLong 917118
findLong 9171F2
NewSPtr 9172A2
NewCPtr 9172B0
NewSCPtr 9172BE
NewSHandle 9172CC
NewCHandle 9172DA
NewSCHandle 9172E8
equalstring 9172F6
NGETTRAPADDRESS 91733C
DisposPtr 917354
DisposHandle 917360
HLock 91736C
HUnlock 917378
SetHandleSize 917384
GetHandleSize 917394
BlockMove 91739C function
HGetState 9173B0
HSetState 9173B8
StripAddress 9173C8
Enqueue 9173D0 function
Dequeue 9173DC function
Delay 9173E8 function
CODEENTRY 9173F4
VERSIONADDRESS 9173F4
PATCHSTART 9173F6
ROMANPRINT 9173F6
ROMANNAME 9173F8
ROMANSCRIPT 9173FE
RomanDispTable 917422 label
SETSCRIPT 917440
GETSCRIPT 917440
CharByte 917444 function
CHARTYPE 917450
PIXEL2CHAR 9174B4
CHAR2PIXEL 917564
TRANSLIT 9175A6
FINDWORD 91767A
HILITETEXT 9177C2
DRAWJUST 9177F4
MEASUREJUST 91781E
PARSETABLE 91784A
FIXSPEXTRA 91786A
XVISIBLELENGTH 91790E
PRINTACTION 917952
SWAPICON 91798C
XSWAPICON 917996
SWAPKYBD 917A46
XSWAPKYBD 917A50
FIXSMGRWORLD 917B52
XFIXSMGRWORLD 917B5C
SMGRCALCRECT 917C84
SMGRINITFONTS 917CDE
SMGRPOSTMUNGING 917D5A
STDUNLINK 917DCA
STDEXIT 917DCC
XSCRIPTUTIL 917DD2
UTILTABLEBASE 917E0A
UTILTABLE 917E26
BITBUCKET 917E76
BITBUCKETREG 917E7A
MONTHSTARTS 918200
LEAPSTARTS 91821A
SECSINDAYX 918236
MAXOLDDATE 918242
MAXVAL 91824C
VALIDDATE 918260
TOGGLEDATE 9182F8
LONGDATE2SECS 918604
LONGDIV 918764
LONGSECS2DATE 9187BA
VALIDLONG 91895A
BLOCK2STRING 918996
COMPARE 9189EE
MATCHSTRING 918A02
INITDATECACHE 918A60
STRING2DATE 918C6E
STRING2TIME 919056
STYLEDLINEBREAK 91920C
FINDCARRIAGE 9193AC
FORMATORDER 9193C6
INTLTOKENIZE 919474
CHARCOMP 919B60
NEXTFORMATCLASS 919B88
GETSANECLASS 919B96
SENDBYTE 919BA8
SENDCHARREV0 919BBE
SENDCHAR0 919BC0
SENDCHARREV 919BCC
SENDCHAR 919BDA
INUNQUOTEDS 919BEC
RETRIEVECHAR 919BEC
CHECKEXP 919C5E
CHECKPARTSINTEGRITY 919C9E
ISSUBSTRING 919D4A
MAKEEXP 919DC0
PROCESSLEAD 919E3A
getc 919E72
XSTR2FORM 919E8A
TACKONEXP 91A25E
TRANSLATETOTEXT 91A2A6
CHECKFORM 91A3FC
XFORM2STR 91A4D8
MATCHINGSUBSTRING 91A57E
MATCHINGBLOCKS 91A5EC
CHECKFORDIGITS 91A644
COND 91A6EE
EXPMATCHING 91A74E
XFORMSTR2X 91A79E
num2dec 91ACE0
INT2STRING 91ACF4
CONVERTTOSTRING 91AD18
EXPHANDLING 91AE56
APPENDSYMBOL 91AEB0
XFORMX2STR 91B016
SMGRINITIALIZE 91B404
SMGRTABLE 91B5AE
PATCHTABLE 91B5F6
ROMANTABLE 91B5FE
disable 91B60E
spl 91B61E
GMGR 91B630
GETPATTERN 91B630
GETCURSOR 91B64A
GETSTRING 91B658
GETICON 91B660
GETPICTURE 91B668
GETNEWWINDOW 91B670
GETNEWCONTROL 91B6CE
GETMENU 91B720
GETNEWMBAR 91B7A6
GETMGREND 91B804
TEXTEDIT 91B804
TEGETTEXT 91B820
TEINIT 91B82C
TEDISPOSE 91B872
TEXTBOX 91B8D0
TESETTEXT 91B9B0
TECALTEXT 91BAB8
TESETSELECT 91BB1C
TENEW 91BB4C
TESTYLNEW 91BC14
TEUPDATE 91BD2E
teclick 91BD5C
VPIXEL2CHAR 91BE78
XTRIMMEASURE 91C3E4
VCHAR2PIXEL 91C48E
TEDISPATCH 91C6DC
TECOPY 91C6F4
TECUT 91C7CC
TEDELETE 91C7DC
XFINDWORD 91C93C
XFINDLINE 91CA2E
TEACTIVATE 91CDF6
TEDEACTIVATE 91CE18
TEIDLE 91CE2E
TEPASTE 91CE56
TEINSERT 91D1BE
TEKEY 91D1EC
TESETJUST 91D2D6
TESCROLL 91D2FC
TEPINSCROLL 91D352
TESELVIEW 91D3DA
TEAUTOVIEW 91D450
TEGETOFFSET 91DA3C
SCRAPMGR 91DE9E
INFOSCRAP 91DE9E
UNLOADSCRAP 91DF18
LOADSCRAP 91DF4E
ZEROSCRAP 91DF82
GETSCRAP 91DFCE
PUTSCRAP 91E03E
PRGLUE 91E084
PACKDISPATCHER 91E302
INITPACK 91E302
INITALLPACKS 91E324
PACK4 91E348
PACK5 91E36A
PACK0 91E3E8
PACK1 91E3EA
PACK2 91E3EC
PACK3 91E3EE
PACK6 91E3F4
PACK7 91E3F6
PACK8 91E3F8
PACK9 91E3FA
PACK10 91E3FC
PACK11 91E3FE
PACK12 91E400
PACK13 91E402
PACK14 91E404
PACK15 91E406
PACKMGREND 91E408
SEXYDATE 91E408
SECS2DATE 91E408
DATE2SECS 91E480
FONTMANAGER 91E4E2
INITFONTS 91E4E2
FMSWAPFONT 91E5EE
FPOINTONE 91F0B6
getfontname 91F124
REALFONT 91F192
getfnum 91F1FC
SETFONTLOCK 91F240
SETFSCALEDISABLE 91F268
SETFRACTENABLE 91F276
FONTMETRICS 91F27E
FMGREND 91F43A
INITCURSOR 91F43A
SETCURSOR 91F44A
HIDECURSOR 91F466
SHOWCURSOR 91F46C
shieldcursor 91F472
OBSCURECURSOR 91F4A2
BITNOT 91F4A8
BITAND 91F4B0
BITXOR 91F4B8
BITOR 91F4C2
BITSHIFT 91F4CA
BITTST 91F4E0
BITSET 91F4EE
BITCLR 91F4F8
random 91F510
FORECOLOR 91F562
BACKCOLOR 91F566
PORTLONG 91F568
COLORBIT 91F574
PORTWORD 91F576
GETMASKTAB 91F582
LEFTMASK 91F588
RIGHTMASK 91F594
BITMASK 91F5A0
MASKTAB 91F5AC
PATEXPAND 91F60C
COLORMAP 91F6D4
GETPIXEL 91F748
stuffhex 91F77C
XORSLAB 91F7B6
DRAWSLAB 91F7FA
SLABMODE 91F88A
FASTSLABMODE 91F8E4
NEWHANDLE 91F8F8
SETHSIZE 91F90C
INITGRAF 91F91A
OPENPORT 91F9E0
INITPORT 91F9F8
CLOSEPORT 91FA78
SETSTDPROCS 91FA90
LOCALTOGLOBAL 91FACA
GLOBALTOLOCAL 91FAD2
addpt 91FAFE
subpt 91FB06
SETPORT 91FB24
GETPORT 91FB2C
GRAFDEVICE 91FB36
SETPORTBITS 91FB3C
BACKPAT 91FB54
PORTSIZE 91FB62
MOVEPORTTO 91FB82
SETORIGIN 91FBAE
CLIPRECT 91FBE2
SETCLIP 91FBF4
GETCLIP 91FC00
SETPT 91FC14
equalpt 91FC1E
stdtext 91FC2A
CALLTEXT 91FDB6
TEXTFACE 91FDD6
DrawChar 91FDE2 function
CHARWIDTH 91FDF0
TEXTFONT 91FE08
TEXTMODE 91FE0C
TEXTSIZE 91FE10
SPACEEXTRA 91FE16
drawstring 91FE22
DrawText 91FE34 function
stringwidth 91FE4C
TextWidth 91FE5C function
STDTXMEAS 91FEC4
MEASURETEXT 91FF6A
GETFONTINFO 920032
DRTEXT 9200D4
stdline 92081E
LINETO 9208B0
LINE 9208C6
MOVETO 9208DE
MOVE 9208EA
MOOV 9208EA
DOLINE 9208FE
HIDEPEN 920976
SHOWPEN 92097A
GETPENSTATE 920986
SETPENSTATE 92098A
GETPEN 9209AC
PENSIZE 9209BC
PENMODE 9209CA
PENPAT 9209D0
PENNORMAL 9209E4
DRAWLINE 920A02
PUTLINE 920F4A
STDRECT 921034
PUSHVERB 921096
FILLRECT 9210C8
FRAMERECT 9210DE
PAINTRECT 9210E2
ERASERECT 9210E6
INVERTRECT 9210EA
CALLRECT 9210EE
DRAWRECT 92110E
FRRECT 92114A
SETRECT 921238
EQUALRECT 921246
EMPTYRECT 921260
OFFSETRECT 92127A
INSETRECT 92128C
SECTRECT 92129E
RSECT 9212C6
UNIONRECT 92133A
pt2rect 921378
ptinrect 9213AE
PUTRECT 9213DE
BITBLT 92143A
RGNBLT 9218E8
STDRRECT 921E26
FRAMEROUNDRECT 921EB8
PAINTROUNDRECT 921EBC
ERASEROUNDRECT 921EC0
INVERTROUNDRECT 921EC4
FILLROUNDRECT 921EC8
CALLRRECT 921EDE
STDOVAL 921F02
FRAMEOVAL 921F8A
PAINTOVAL 921F8E
ERASEOVAL 921F92
INVERTOVAL 921F96
FILLOVAL 921F9A
CALLOVAL 921FB0
PUTOVAL 921FD0
STDARC 92210E
FRAMEARC 92218C
PAINTARC 922190
ERASEARC 922194
INVERTARC 922198
FILLARC 92219C
CALLARC 9221B2
DRAWARC 9221D6
INITOVAL 922862
BUMPOVAL 922904
ANGLEFROMSLOPE 922946
SLOPEFROMANGLE 922984
pttoangle 922AA8
STDPOLY 922B38
FRAMEPOLY 922BAE
PAINTPOLY 922BB2
ERASEPOLY 922BB6
INVERTPOLY 922BBA
FILLPOLY 922BBE
CALLPOLY 922BD4
OPENPOLY 922BF4
CLOSEPOLY 922C28
KILLPOLY 922C96
OFFSETPOLY 922C9E
MAPPOLY 922CBA
FRPOLY 922D16
SORTVECTORS 922D56
PAINTVECTOR 922DF8
DRAWPOLY 9232F2
STDRGN 92344C
FRAMERGN 9234B2
PAINTRGN 9234B6
ERASERGN 9234BA
INVERTRGN 9234BE
FILLRGN 9234C2
CALLRGN 9234D8
DRAWRGN 9234F8
FRRGN 923534
NEWRGN 9235A4
DISPOSERGN 9235C8
OPENRGN 9235D0
CLOSERGN 9235FE
COPYRGN 923654
SETEMPTYRGN 9236A2
SETRECTRGN 9236AE
RECTRGN 92370A
OFFSETRGN 923718
INSETRGN 92374A
EMPTYRGN 9237E6
EQUALRGN 9237F6
SECTRGN 923834
UNIONRGN 923838
DIFFRGN 92383C
XORRGN 923840
DORGNOP 923844
ptinrgn 92392A
RECTINRGN 92398A
TRIMRECT 923A10
MAPRGN 923A6E
BITMAPRGN 923B1C
INITRGN 923DC2
SEEKRGN 923DFA
RGNOP 923ED2
SECTSCAN 9240FC
DIFFSCAN 924102
UNIONSCAN 924106
INSETSCAN 924148
XORSCAN 924192
SORTPOINTS 9241A8
CULLPOINTS 92423C
PUTRGN 92428E
PACKRGN 924310
STDBITS 9243D8
COPYBITS 924554
COPYMASK 9245FA
SEEDFILL 92483A
CALCMASK 924842
SCROLLRECT 924998
PackBits 924A96 function
UNPACKBITS 924B56
STRETCHBITS 924B9C
SETUPSTRETCH 925068
GETUBYTE 92540A
GETSBYTE 92541C
GETWORD 92542E
GETLONG 92543E
STDCOMMENT 92544E
STDGETPIC 9254AE
STDPUTPIC 9254CE
PICCOMMENT 92554E
OPENPICTURE 925564
CLOSEPICTURE 925620
KILLPICTURE 92565C
DRAWPICTURE 925664
STDOPCODEPROC 9257B2
PICITEM 925800
MAPMODE 92606C
SKIPPICDATA 926096
GETPICDATA 9260C2
GETPICTABLE 9260F2
GETPICPIXPAT 92614C
GETPM1DEEP 9261FA
RGB2OLD 926376
RGB2PAT 9263A0
RGB2PIXEL 9263E2
PUTPICDATA 9263FA
DPUTPICBYTE 926410
PUTPICBYTE 926416
PUTPICWORD 926428
PUTPICLONG 92643A
PUTPICPAT 92644A
PUTPICRECT 926456
PUTPICRGN 926498
PUTPICVERB 9264B6
CHECKPIC 9265B4
SCALEPT 92667E
MAPPT 9266D6
MAPRECT 926738
MAPRATIO 926750
CRSRCORE 92679C
INITCRTABLE 92679C
SCRNADDRESS 9269A0
SCRNSIZE 9269A8
SCRNBITMAP 9269B8
CRSRVBLTASK 9269CC
pinrect 926B5C
DispTable 926B6E label